[0.000000] (-) TimerEvent: {}
[0.000133] (-) JobUnselected: {'identifier': 'stm32_bridge'}
[0.000292] (ros2_test1) JobQueued: {'identifier': 'ros2_test1', 'dependencies': OrderedDict()}
[0.000824] (ros2_test1) JobStarted: {'identifier': 'ros2_test1'}
[0.099467] (-) TimerEvent: {}
[0.199684] (-) TimerEvent: {}
[0.299866] (-) TimerEvent: {}
[0.400041] (-) TimerEvent: {}
[0.500235] (-) TimerEvent: {}
[0.600424] (-) TimerEvent: {}
[0.700575] (-) TimerEvent: {}
[0.800742] (-) TimerEvent: {}
[0.871552] (ros2_test1) Command: {'cmd': ['/usr/bin/python3', '-W', 'ignore:setup.py install is deprecated', '-W', 'ignore:easy_install command is deprecated', 'setup.py', 'develop', '--editable', '--build-directory', '/home/cat/ros2_ws/build/ros2_test1/build', '--no-deps', 'symlink_data'], 'cwd': '/home/cat/ros2_ws/build/ros2_test1', 'env': {'USER': 'cat', 'SSH_CLIENT': '192.168.137.1 54968 22', 'XDG_SESSION_TYPE': 'tty', 'SHLVL': '0', 'LD_LIBRARY_PATH': '/opt/ros/humble/opt/rviz_ogre_vendor/lib:/opt/ros/humble/lib/aarch64-linux-gnu:/opt/ros/humble/lib', 'MOTD_SHOWN': 'pam', 'HOME': '/home/cat', 'MUTTER_DEBUG_ENABLE_ATOMIC_KMS': '0', 'OLDPWD': '/home/cat', 'ROS_PYTHON_VERSION': '3', 'DBUS_SESSION_BUS_ADDRESS': 'unix:path=/run/user/1000/bus', 'ROS_DISTRO': 'humble', 'LOGNAME': 'cat', '_': '/usr/bin/colcon', 'ROS_VERSION': '2', 'XDG_SESSION_CLASS': 'user', 'XDG_SESSION_ID': '59', 'ROS_LOCALHOST_ONLY': '0', 'PATH': '/opt/ros/humble/bin:/home/cat/bin:/usr/local/sbin:/usr/local/bin:/usr/sbin:/usr/bin:/sbin:/bin:/usr/games:/usr/local/games:/snap/bin', 'XDG_RUNTIME_DIR': '/run/user/1000', 'LANG': 'zh_CN.UTF-8', 'AMENT_PREFIX_PATH': '/opt/ros/humble', 'SHELL': '/bin/bash', 'CLUTTER_PAINT': 'disable-dynamic-max-render-time', 'MUTTER_DEBUG_FORCE_KMS_MODE': 'simple', 'PWD': '/home/cat/ros2_ws/build/ros2_test1', 'SSH_CONNECTION': '192.168.137.1 54968 192.168.137.207 22', 'XDG_DATA_DIRS': '/usr/share/gnome:/usr/local/share:/usr/share:/var/lib/snapd/desktop', 'PYTHONPATH': '/home/cat/ros2_ws/build/ros2_test1/prefix_override:/usr/lib/python3/dist-packages/colcon_core/task/python/colcon_distutils_commands:/home/cat/ros2_ws/install/ros2_test1/lib/python3.10/site-packages:/opt/ros/humble/lib/python3.10/site-packages:/opt/ros/humble/local/lib/python3.10/dist-packages', 'COLCON': '1'}, 'shell': False}
[0.900835] (-) TimerEvent: {}
[1.001042] (-) TimerEvent: {}
[1.101248] (-) TimerEvent: {}
[1.201426] (-) TimerEvent: {}
[1.205451] (ros2_test1) StdoutLine: {'line': b'running develop\n'}
[1.301510] (-) TimerEvent: {}
[1.371323] (ros2_test1) StdoutLine: {'line': b'running egg_info\n'}
[1.371635] (ros2_test1) StdoutLine: {'line': b'writing ros2_test1.egg-info/PKG-INFO\n'}
[1.372118] (ros2_test1) StdoutLine: {'line': b'writing dependency_links to ros2_test1.egg-info/dependency_links.txt\n'}
[1.372393] (ros2_test1) StdoutLine: {'line': b'writing entry points to ros2_test1.egg-info/entry_points.txt\n'}
[1.372570] (ros2_test1) StdoutLine: {'line': b'writing requirements to ros2_test1.egg-info/requires.txt\n'}
[1.372707] (ros2_test1) StdoutLine: {'line': b'writing top-level names to ros2_test1.egg-info/top_level.txt\n'}
[1.376269] (ros2_test1) StdoutLine: {'line': b"reading manifest file 'ros2_test1.egg-info/SOURCES.txt'\n"}
[1.377664] (ros2_test1) StdoutLine: {'line': b"writing manifest file 'ros2_test1.egg-info/SOURCES.txt'\n"}
[1.379657] (ros2_test1) StdoutLine: {'line': b'running build_ext\n'}
[1.379995] (ros2_test1) StdoutLine: {'line': b'Creating /home/cat/ros2_ws/install/ros2_test1/lib/python3.10/site-packages/ros2-test1.egg-link (link to .)\n'}
[1.381343] (ros2_test1) StdoutLine: {'line': b'Installing arm_joint_state_seed script to /home/cat/ros2_ws/install/ros2_test1/lib/ros2_test1\n'}
[1.381631] (ros2_test1) StdoutLine: {'line': b'Installing face_detector script to /home/cat/ros2_ws/install/ros2_test1/lib/ros2_test1\n'}
[1.381797] (ros2_test1) StdoutLine: {'line': b'Installing red_square_arm script to /home/cat/ros2_ws/install/ros2_test1/lib/ros2_test1\n'}
[1.381950] (ros2_test1) StdoutLine: {'line': b'Installing red_square_tracker script to /home/cat/ros2_ws/install/ros2_test1/lib/ros2_test1\n'}
[1.382108] (ros2_test1) StdoutLine: {'line': b'Installing target_vision script to /home/cat/ros2_ws/install/ros2_test1/lib/ros2_test1\n'}
[1.382382] (ros2_test1) StdoutLine: {'line': b'\n'}
[1.382520] (ros2_test1) StdoutLine: {'line': b'Installed /home/cat/ros2_ws/build/ros2_test1\n'}
[1.382594] (ros2_test1) StdoutLine: {'line': b'running symlink_data\n'}
[1.401583] (-) TimerEvent: {}
[1.479223] (ros2_test1) CommandEnded: {'returncode': 0}
[1.496759] (ros2_test1) JobEnded: {'identifier': 'ros2_test1', 'rc': 0}
[1.497746] (-) EventReactorShutdown: {}
