[0.000000] (-) TimerEvent: {}
[0.000277] (-) JobUnselected: {'identifier': 'stm32_bridge'}
[0.000637] (ros2_test1) JobQueued: {'identifier': 'ros2_test1', 'dependencies': OrderedDict()}
[0.001158] (ros2_test1) JobStarted: {'identifier': 'ros2_test1'}
[0.099289] (-) TimerEvent: {}
[0.199636] (-) TimerEvent: {}
[0.300242] (-) TimerEvent: {}
[0.400831] (-) TimerEvent: {}
[0.501160] (-) TimerEvent: {}
[0.601492] (-) TimerEvent: {}
[0.701927] (-) TimerEvent: {}
[0.802229] (-) TimerEvent: {}
[0.902569] (-) TimerEvent: {}
[1.003050] (-) TimerEvent: {}
[1.104166] (-) TimerEvent: {}
[1.204860] (-) TimerEvent: {}
[1.305590] (-) TimerEvent: {}
[1.406568] (-) TimerEvent: {}
[1.507445] (-) TimerEvent: {}
[1.608461] (-) TimerEvent: {}
[1.709623] (-) TimerEvent: {}
[1.810235] (-) TimerEvent: {}
[1.910582] (-) TimerEvent: {}
[2.011224] (-) TimerEvent: {}
[2.112127] (-) TimerEvent: {}
[2.213051] (-) TimerEvent: {}
[2.313842] (-) TimerEvent: {}
[2.351810] (ros2_test1) Command: {'cmd': ['/usr/bin/python3', '-W', 'ignore:setup.py install is deprecated', '-W', 'ignore:easy_install command is deprecated', 'setup.py', 'develop', '--editable', '--build-directory', '/home/cat/ros2_ws/build/ros2_test1/build', '--no-deps', 'symlink_data'], 'cwd': '/home/cat/ros2_ws/build/ros2_test1', 'env': {'HTTPS_PROXY': 'http://192.168.137.1:7892', 'USER': 'cat', 'SSH_CLIENT': '192.168.137.1 59074 22', 'XDG_SESSION_TYPE': 'tty', 'SHLVL': '0', 'LD_LIBRARY_PATH': '/opt/ros/humble/opt/rviz_ogre_vendor/lib:/opt/ros/humble/lib/aarch64-linux-gnu:/opt/ros/humble/lib', 'MOTD_SHOWN': 'pam', 'HOME': '/home/cat', 'MUTTER_DEBUG_ENABLE_ATOMIC_KMS': '0', 'OLDPWD': '/home/cat', 'NO_PROXY': 'localhost,127.0.0.1,192.168.137.1,192.168.137.207', 'ROS_PYTHON_VERSION': '3', 'DBUS_SESSION_BUS_ADDRESS': 'unix:path=/run/user/1000/bus', 'https_proxy': 'http://192.168.137.1:7892', 'ROS_DISTRO': 'humble', 'LOGNAME': 'cat', 'http_proxy': 'http://192.168.137.1:7892', '_': '/usr/bin/colcon', 'ROS_VERSION': '2', 'XDG_SESSION_CLASS': 'user', 'XDG_SESSION_ID': '52', 'ROS_LOCALHOST_ONLY': '0', 'PATH': '/opt/ros/humble/bin:/home/cat/bin:/usr/local/sbin:/usr/local/bin:/usr/sbin:/usr/bin:/sbin:/bin:/usr/games:/usr/local/games:/snap/bin', 'XDG_RUNTIME_DIR': '/run/user/1000', 'LANG': 'zh_CN.UTF-8', 'AMENT_PREFIX_PATH': '/opt/ros/humble', 'SHELL': '/bin/bash', 'CLUTTER_PAINT': 'disable-dynamic-max-render-time', 'MUTTER_DEBUG_FORCE_KMS_MODE': 'simple', 'PWD': '/home/cat/ros2_ws/build/ros2_test1', 'SSH_CONNECTION': '192.168.137.1 59074 192.168.137.207 22', 'XDG_DATA_DIRS': '/usr/share/gnome:/usr/local/share:/usr/share:/var/lib/snapd/desktop', 'PYTHONPATH': '/home/cat/ros2_ws/build/ros2_test1/prefix_override:/usr/lib/python3/dist-packages/colcon_core/task/python/colcon_distutils_commands:/home/cat/ros2_ws/install/ros2_test1/lib/python3.10/site-packages:/opt/ros/humble/lib/python3.10/site-packages:/opt/ros/humble/local/lib/python3.10/dist-packages', 'HTTP_PROXY': 'http://192.168.137.1:7892', 'COLCON': '1'}, 'shell': False}
[2.414222] (-) TimerEvent: {}
[2.515127] (-) TimerEvent: {}
[2.615993] (-) TimerEvent: {}
[2.716849] (-) TimerEvent: {}
[2.817575] (-) TimerEvent: {}
[2.918304] (-) TimerEvent: {}
[3.019027] (-) TimerEvent: {}
[3.019625] (ros2_test1) StdoutLine: {'line': b'running develop\n'}
[3.119113] (-) TimerEvent: {}
[3.219463] (-) TimerEvent: {}
[3.320020] (-) TimerEvent: {}
[3.420747] (-) TimerEvent: {}
[3.432753] (ros2_test1) StdoutLine: {'line': b'running egg_info\n'}
[3.435857] (ros2_test1) StdoutLine: {'line': b'writing ros2_test1.egg-info/PKG-INFO\n'}
[3.437328] (ros2_test1) StdoutLine: {'line': b'writing dependency_links to ros2_test1.egg-info/dependency_links.txt\n'}
[3.438620] (ros2_test1) StdoutLine: {'line': b'writing entry points to ros2_test1.egg-info/entry_points.txt\n'}
[3.444463] (ros2_test1) StdoutLine: {'line': b'writing requirements to ros2_test1.egg-info/requires.txt\n'}
[3.446752] (ros2_test1) StdoutLine: {'line': b'writing top-level names to ros2_test1.egg-info/top_level.txt\n'}
[3.447943] (ros2_test1) StdoutLine: {'line': b"reading manifest file 'ros2_test1.egg-info/SOURCES.txt'\n"}
[3.450745] (ros2_test1) StdoutLine: {'line': b"writing manifest file 'ros2_test1.egg-info/SOURCES.txt'\n"}
[3.454745] (ros2_test1) StdoutLine: {'line': b'running build_ext\n'}
[3.456524] (ros2_test1) StdoutLine: {'line': b'Creating /home/cat/ros2_ws/install/ros2_test1/lib/python3.10/site-packages/ros2-test1.egg-link (link to .)\n'}
[3.459387] (ros2_test1) StdoutLine: {'line': b'Installing target_vision script to /home/cat/ros2_ws/install/ros2_test1/lib/ros2_test1\n'}
[3.462544] (ros2_test1) StdoutLine: {'line': b'Installing target_vision_rc script to /home/cat/ros2_ws/install/ros2_test1/lib/ros2_test1\n'}
[3.465667] (ros2_test1) StdoutLine: {'line': b'\n'}
[3.468351] (ros2_test1) StdoutLine: {'line': b'Installed /home/cat/ros2_ws/build/ros2_test1\n'}
[3.469818] (ros2_test1) StdoutLine: {'line': b'running symlink_data\n'}
[3.521053] (-) TimerEvent: {}
[3.563994] (ros2_test1) CommandEnded: {'returncode': 0}
[3.601477] (ros2_test1) JobEnded: {'identifier': 'ros2_test1', 'rc': 0}
[3.602971] (-) EventReactorShutdown: {}
