[0.000000] (-) TimerEvent: {}
[0.000854] (-) JobUnselected: {'identifier': 'stm32_bridge'}
[0.000997] (ros2_test1) JobQueued: {'identifier': 'ros2_test1', 'dependencies': OrderedDict()}
[0.001229] (ros2_test1) JobStarted: {'identifier': 'ros2_test1'}
[0.099404] (-) TimerEvent: {}
[0.199801] (-) TimerEvent: {}
[0.300170] (-) TimerEvent: {}
[0.400554] (-) TimerEvent: {}
[0.500938] (-) TimerEvent: {}
[0.601313] (-) TimerEvent: {}
[0.701673] (-) TimerEvent: {}
[0.802437] (-) TimerEvent: {}
[0.807071] (ros2_test1) Command: {'cmd': ['/usr/bin/python3', '-W', 'ignore:setup.py install is deprecated', '-W', 'ignore:easy_install command is deprecated', 'setup.py', 'egg_info', '--egg-base', '../build/ros2_test1', 'build', '--build-base', '/home/cat/ros2_ws/build/ros2_test1/build', 'install', '--record', '/home/cat/ros2_ws/build/ros2_test1/install.log', '--single-version-externally-managed', 'install_data'], 'cwd': '/home/cat/ros2_ws/ros2_test1', 'env': {'USER': 'cat', 'SSH_CLIENT': '192.168.137.1 62677 22', 'XDG_SESSION_TYPE': 'tty', 'SHLVL': '1', 'LD_LIBRARY_PATH': '/opt/ros/humble/opt/rviz_ogre_vendor/lib:/opt/ros/humble/lib/aarch64-linux-gnu:/opt/ros/humble/lib', 'MOTD_SHOWN': 'pam', 'HOME': '/home/cat', 'MUTTER_DEBUG_ENABLE_ATOMIC_KMS': '0', 'OLDPWD': '/home/cat', 'ROS_PYTHON_VERSION': '3', 'DBUS_SESSION_BUS_ADDRESS': 'unix:path=/run/user/1000/bus', 'ROS_DISTRO': 'humble', 'LOGNAME': 'cat', '_': '/usr/bin/colcon', 'ROS_VERSION': '2', 'XDG_SESSION_CLASS': 'user', 'XDG_SESSION_ID': '56', 'ROS_LOCALHOST_ONLY': '0', 'PATH': '/opt/ros/humble/bin:/usr/local/sbin:/usr/local/bin:/usr/sbin:/usr/bin:/sbin:/bin:/usr/games:/usr/local/games:/snap/bin', 'XDG_RUNTIME_DIR': '/run/user/1000', 'LANG': 'zh_CN.UTF-8', 'AMENT_PREFIX_PATH': '/opt/ros/humble', 'SHELL': '/bin/bash', 'CLUTTER_PAINT': 'disable-dynamic-max-render-time', 'MUTTER_DEBUG_FORCE_KMS_MODE': 'simple', 'PWD': '/home/cat/ros2_ws/build/ros2_test1', 'SSH_CONNECTION': '192.168.137.1 62677 192.168.137.207 22', 'PYTHONPATH': '/home/cat/ros2_ws/build/ros2_test1/prefix_override:/usr/lib/python3/dist-packages/colcon_core/task/python/colcon_distutils_commands:/home/cat/ros2_ws/install/ros2_test1/lib/python3.10/site-packages:/opt/ros/humble/lib/python3.10/site-packages:/opt/ros/humble/local/lib/python3.10/dist-packages', 'COLCON': '1'}, 'shell': False}
[0.902413] (-) TimerEvent: {}
[1.002636] (-) TimerEvent: {}
[1.099248] (ros2_test1) StdoutLine: {'line': b'running egg_info\n'}
[1.100011] (ros2_test1) StdoutLine: {'line': b'creating ../build/ros2_test1/ros2_test1.egg-info\n'}
[1.100490] (ros2_test1) StdoutLine: {'line': b'writing ../build/ros2_test1/ros2_test1.egg-info/PKG-INFO\n'}
[1.100976] (ros2_test1) StdoutLine: {'line': b'writing dependency_links to ../build/ros2_test1/ros2_test1.egg-info/dependency_links.txt\n'}
[1.101420] (ros2_test1) StdoutLine: {'line': b'writing entry points to ../build/ros2_test1/ros2_test1.egg-info/entry_points.txt\n'}
[1.101763] (ros2_test1) StdoutLine: {'line': b'writing requirements to ../build/ros2_test1/ros2_test1.egg-info/requires.txt\n'}
[1.102106] (ros2_test1) StdoutLine: {'line': b'writing top-level names to ../build/ros2_test1/ros2_test1.egg-info/top_level.txt\n'}
[1.102448] (ros2_test1) StdoutLine: {'line': b"writing manifest file '../build/ros2_test1/ros2_test1.egg-info/SOURCES.txt'\n"}
[1.102781] (-) TimerEvent: {}
[1.103538] (ros2_test1) StdoutLine: {'line': b"reading manifest file '../build/ros2_test1/ros2_test1.egg-info/SOURCES.txt'\n"}
[1.104540] (ros2_test1) StdoutLine: {'line': b"writing manifest file '../build/ros2_test1/ros2_test1.egg-info/SOURCES.txt'\n"}
[1.104989] (ros2_test1) StdoutLine: {'line': b'running build\n'}
[1.105594] (ros2_test1) StdoutLine: {'line': b'running build_py\n'}
[1.106060] (ros2_test1) StdoutLine: {'line': b'creating /home/cat/ros2_ws/build/ros2_test1/build\n'}
[1.106511] (ros2_test1) StdoutLine: {'line': b'creating /home/cat/ros2_ws/build/ros2_test1/build/lib\n'}
[1.107083] (ros2_test1) StdoutLine: {'line': b'creating /home/cat/ros2_ws/build/ros2_test1/build/lib/ros2_test1\n'}
[1.107437] (ros2_test1) StdoutLine: {'line': b'copying ros2_test1/__init__.py -> /home/cat/ros2_ws/build/ros2_test1/build/lib/ros2_test1\n'}
[1.107866] (ros2_test1) StdoutLine: {'line': b'copying ros2_test1/arm_joint_state_seed.py -> /home/cat/ros2_ws/build/ros2_test1/build/lib/ros2_test1\n'}
[1.108300] (ros2_test1) StdoutLine: {'line': b'copying ros2_test1/face_detector.py -> /home/cat/ros2_ws/build/ros2_test1/build/lib/ros2_test1\n'}
[1.108695] (ros2_test1) StdoutLine: {'line': b'copying ros2_test1/arm_kinematics.py -> /home/cat/ros2_ws/build/ros2_test1/build/lib/ros2_test1\n'}
[1.109151] (ros2_test1) StdoutLine: {'line': b'copying ros2_test1/target_vision.py -> /home/cat/ros2_ws/build/ros2_test1/build/lib/ros2_test1\n'}
[1.109614] (ros2_test1) StdoutLine: {'line': b'copying ros2_test1/red_square_arm.py -> /home/cat/ros2_ws/build/ros2_test1/build/lib/ros2_test1\n'}
[1.109957] (ros2_test1) StdoutLine: {'line': b'creating /home/cat/ros2_ws/build/ros2_test1/build/lib/ros2_test1/detectors\n'}
[1.110417] (ros2_test1) StdoutLine: {'line': b'copying ros2_test1/detectors/__init__.py -> /home/cat/ros2_ws/build/ros2_test1/build/lib/ros2_test1/detectors\n'}
[1.110977] (ros2_test1) StdoutLine: {'line': b'copying ros2_test1/detectors/red.py -> /home/cat/ros2_ws/build/ros2_test1/build/lib/ros2_test1/detectors\n'}
[1.111456] (ros2_test1) StdoutLine: {'line': b'copying ros2_test1/detectors/common.py -> /home/cat/ros2_ws/build/ros2_test1/build/lib/ros2_test1/detectors\n'}
[1.111942] (ros2_test1) StdoutLine: {'line': b'copying ros2_test1/detectors/yellow.py -> /home/cat/ros2_ws/build/ros2_test1/build/lib/ros2_test1/detectors\n'}
[1.112494] (ros2_test1) StdoutLine: {'line': b'copying ros2_test1/detectors/white.py -> /home/cat/ros2_ws/build/ros2_test1/build/lib/ros2_test1/detectors\n'}
[1.112848] (ros2_test1) StdoutLine: {'line': b'copying ros2_test1/detectors/blue.py -> /home/cat/ros2_ws/build/ros2_test1/build/lib/ros2_test1/detectors\n'}
[1.113194] (ros2_test1) StdoutLine: {'line': b'creating /home/cat/ros2_ws/build/ros2_test1/build/lib/ros2_test1/assets\n'}
[1.113703] (ros2_test1) StdoutLine: {'line': b'copying ros2_test1/assets/blue.png -> /home/cat/ros2_ws/build/ros2_test1/build/lib/ros2_test1/assets\n'}
[1.114237] (ros2_test1) StdoutLine: {'line': b'copying ros2_test1/assets/red.png -> /home/cat/ros2_ws/build/ros2_test1/build/lib/ros2_test1/assets\n'}
[1.114679] (ros2_test1) StdoutLine: {'line': b'running install\n'}
[1.115134] (ros2_test1) StdoutLine: {'line': b'running install_lib\n'}
[1.115477] (ros2_test1) StdoutLine: {'line': b'creating /home/cat/ros2_ws/install/ros2_test1/lib/python3.10/site-packages/ros2_test1\n'}
[1.115819] (ros2_test1) StdoutLine: {'line': b'copying /home/cat/ros2_ws/build/ros2_test1/build/lib/ros2_test1/__init__.py -> /home/cat/ros2_ws/install/ros2_test1/lib/python3.10/site-packages/ros2_test1\n'}
[1.116187] (ros2_test1) StdoutLine: {'line': b'copying /home/cat/ros2_ws/build/ros2_test1/build/lib/ros2_test1/arm_joint_state_seed.py -> /home/cat/ros2_ws/install/ros2_test1/lib/python3.10/site-packages/ros2_test1\n'}
[1.116623] (ros2_test1) StdoutLine: {'line': b'copying /home/cat/ros2_ws/build/ros2_test1/build/lib/ros2_test1/face_detector.py -> /home/cat/ros2_ws/install/ros2_test1/lib/python3.10/site-packages/ros2_test1\n'}
[1.117006] (ros2_test1) StdoutLine: {'line': b'copying /home/cat/ros2_ws/build/ros2_test1/build/lib/ros2_test1/arm_kinematics.py -> /home/cat/ros2_ws/install/ros2_test1/lib/python3.10/site-packages/ros2_test1\n'}
[1.117397] (ros2_test1) StdoutLine: {'line': b'copying /home/cat/ros2_ws/build/ros2_test1/build/lib/ros2_test1/target_vision.py -> /home/cat/ros2_ws/install/ros2_test1/lib/python3.10/site-packages/ros2_test1\n'}
[1.117743] (ros2_test1) StdoutLine: {'line': b'creating /home/cat/ros2_ws/install/ros2_test1/lib/python3.10/site-packages/ros2_test1/assets\n'}
[1.118098] (ros2_test1) StdoutLine: {'line': b'copying /home/cat/ros2_ws/build/ros2_test1/build/lib/ros2_test1/assets/red.png -> /home/cat/ros2_ws/install/ros2_test1/lib/python3.10/site-packages/ros2_test1/assets\n'}
[1.118478] (ros2_test1) StdoutLine: {'line': b'copying /home/cat/ros2_ws/build/ros2_test1/build/lib/ros2_test1/assets/blue.png -> /home/cat/ros2_ws/install/ros2_test1/lib/python3.10/site-packages/ros2_test1/assets\n'}
[1.119156] (ros2_test1) StdoutLine: {'line': b'creating /home/cat/ros2_ws/install/ros2_test1/lib/python3.10/site-packages/ros2_test1/detectors\n'}
[1.119506] (ros2_test1) StdoutLine: {'line': b'copying /home/cat/ros2_ws/build/ros2_test1/build/lib/ros2_test1/detectors/__init__.py -> /home/cat/ros2_ws/install/ros2_test1/lib/python3.10/site-packages/ros2_test1/detectors\n'}
[1.119853] (ros2_test1) StdoutLine: {'line': b'copying /home/cat/ros2_ws/build/ros2_test1/build/lib/ros2_test1/detectors/red.py -> /home/cat/ros2_ws/install/ros2_test1/lib/python3.10/site-packages/ros2_test1/detectors\n'}
[1.120303] (ros2_test1) StdoutLine: {'line': b'copying /home/cat/ros2_ws/build/ros2_test1/build/lib/ros2_test1/detectors/common.py -> /home/cat/ros2_ws/install/ros2_test1/lib/python3.10/site-packages/ros2_test1/detectors\n'}
[1.120660] (ros2_test1) StdoutLine: {'line': b'copying /home/cat/ros2_ws/build/ros2_test1/build/lib/ros2_test1/detectors/yellow.py -> /home/cat/ros2_ws/install/ros2_test1/lib/python3.10/site-packages/ros2_test1/detectors\n'}
[1.121005] (ros2_test1) StdoutLine: {'line': b'copying /home/cat/ros2_ws/build/ros2_test1/build/lib/ros2_test1/detectors/white.py -> /home/cat/ros2_ws/install/ros2_test1/lib/python3.10/site-packages/ros2_test1/detectors\n'}
[1.121350] (ros2_test1) StdoutLine: {'line': b'copying /home/cat/ros2_ws/build/ros2_test1/build/lib/ros2_test1/detectors/blue.py -> /home/cat/ros2_ws/install/ros2_test1/lib/python3.10/site-packages/ros2_test1/detectors\n'}
[1.121694] (ros2_test1) StdoutLine: {'line': b'copying /home/cat/ros2_ws/build/ros2_test1/build/lib/ros2_test1/red_square_arm.py -> /home/cat/ros2_ws/install/ros2_test1/lib/python3.10/site-packages/ros2_test1\n'}
[1.122039] (ros2_test1) StdoutLine: {'line': b'byte-compiling /home/cat/ros2_ws/install/ros2_test1/lib/python3.10/site-packages/ros2_test1/__init__.py to __init__.cpython-310.pyc\n'}
[1.122383] (ros2_test1) StdoutLine: {'line': b'byte-compiling /home/cat/ros2_ws/install/ros2_test1/lib/python3.10/site-packages/ros2_test1/arm_joint_state_seed.py to arm_joint_state_seed.cpython-310.pyc\n'}
[1.122727] (ros2_test1) StdoutLine: {'line': b'byte-compiling /home/cat/ros2_ws/install/ros2_test1/lib/python3.10/site-packages/ros2_test1/face_detector.py to face_detector.cpython-310.pyc\n'}
[1.123141] (ros2_test1) StdoutLine: {'line': b'byte-compiling /home/cat/ros2_ws/install/ros2_test1/lib/python3.10/site-packages/ros2_test1/arm_kinematics.py to arm_kinematics.cpython-310.pyc\n'}
[1.123519] (ros2_test1) StdoutLine: {'line': b'byte-compiling /home/cat/ros2_ws/install/ros2_test1/lib/python3.10/site-packages/ros2_test1/target_vision.py to target_vision.cpython-310.pyc\n'}
[1.136254] (ros2_test1) StdoutLine: {'line': b'byte-compiling /home/cat/ros2_ws/install/ros2_test1/lib/python3.10/site-packages/ros2_test1/detectors/__init__.py to __init__.cpython-310.pyc\n'}
[1.137090] (ros2_test1) StdoutLine: {'line': b'byte-compiling /home/cat/ros2_ws/install/ros2_test1/lib/python3.10/site-packages/ros2_test1/detectors/red.py to red.cpython-310.pyc\n'}
[1.137691] (ros2_test1) StdoutLine: {'line': b'byte-compiling /home/cat/ros2_ws/install/ros2_test1/lib/python3.10/site-packages/ros2_test1/detectors/common.py to common.cpython-310.pyc\n'}
[1.139497] (ros2_test1) StdoutLine: {'line': b'byte-compiling /home/cat/ros2_ws/install/ros2_test1/lib/python3.10/site-packages/ros2_test1/detectors/yellow.py to yellow.cpython-310.pyc\n'}
[1.140462] (ros2_test1) StdoutLine: {'line': b'byte-compiling /home/cat/ros2_ws/install/ros2_test1/lib/python3.10/site-packages/ros2_test1/detectors/white.py to white.cpython-310.pyc\n'}
[1.140641] (ros2_test1) StdoutLine: {'line': b'byte-compiling /home/cat/ros2_ws/install/ros2_test1/lib/python3.10/site-packages/ros2_test1/detectors/blue.py to blue.cpython-310.pyc\n'}
[1.140961] (ros2_test1) StdoutLine: {'line': b'byte-compiling /home/cat/ros2_ws/install/ros2_test1/lib/python3.10/site-packages/ros2_test1/red_square_arm.py to red_square_arm.cpython-310.pyc\n'}
[1.143434] (ros2_test1) StdoutLine: {'line': b'running install_data\n'}
[1.143794] (ros2_test1) StdoutLine: {'line': b'creating /home/cat/ros2_ws/install/ros2_test1/share\n'}
[1.143883] (ros2_test1) StdoutLine: {'line': b'creating /home/cat/ros2_ws/install/ros2_test1/share/ament_index\n'}
[1.143954] (ros2_test1) StdoutLine: {'line': b'creating /home/cat/ros2_ws/install/ros2_test1/share/ament_index/resource_index\n'}
[1.144302] (ros2_test1) StdoutLine: {'line': b'creating /home/cat/ros2_ws/install/ros2_test1/share/ament_index/resource_index/packages\n'}
[1.144516] (ros2_test1) StdoutLine: {'line': b'copying resource/ros2_test1 -> /home/cat/ros2_ws/install/ros2_test1/share/ament_index/resource_index/packages\n'}
[1.144603] (ros2_test1) StdoutLine: {'line': b'creating /home/cat/ros2_ws/install/ros2_test1/share/ros2_test1\n'}
[1.144885] (ros2_test1) StdoutLine: {'line': b'copying package.xml -> /home/cat/ros2_ws/install/ros2_test1/share/ros2_test1\n'}
[1.144964] (ros2_test1) StdoutLine: {'line': b'creating /home/cat/ros2_ws/install/ros2_test1/share/ros2_test1/launch\n'}
[1.145127] (ros2_test1) StdoutLine: {'line': b'copying launch/rviz_preview.launch.py -> /home/cat/ros2_ws/install/ros2_test1/share/ros2_test1/launch\n'}
[1.145306] (ros2_test1) StdoutLine: {'line': b'copying launch/red_square_grasp.launch.py -> /home/cat/ros2_ws/install/ros2_test1/share/ros2_test1/launch\n'}
[1.145482] (ros2_test1) StdoutLine: {'line': b'copying launch/rk_arm_display.launch.py -> /home/cat/ros2_ws/install/ros2_test1/share/ros2_test1/launch\n'}
[1.145559] (ros2_test1) StdoutLine: {'line': b'copying launch/target_vision.launch.py -> /home/cat/ros2_ws/install/ros2_test1/share/ros2_test1/launch\n'}
[1.145628] (ros2_test1) StdoutLine: {'line': b'copying launch/red_square_arm.launch.py -> /home/cat/ros2_ws/install/ros2_test1/share/ros2_test1/launch\n'}
[1.145695] (ros2_test1) StdoutLine: {'line': b'copying launch/red_square_grasp_all.launch.py -> /home/cat/ros2_ws/install/ros2_test1/share/ros2_test1/launch\n'}
[1.145761] (ros2_test1) StdoutLine: {'line': b'creating /home/cat/ros2_ws/install/ros2_test1/share/ros2_test1/config\n'}
[1.145826] (ros2_test1) StdoutLine: {'line': b'copying config/red_square_grasp_calibration.json -> /home/cat/ros2_ws/install/ros2_test1/share/ros2_test1/config\n'}
[1.145912] (ros2_test1) StdoutLine: {'line': b'creating /home/cat/ros2_ws/install/ros2_test1/share/ros2_test1/urdf\n'}
[1.145979] (ros2_test1) StdoutLine: {'line': b'copying urdf/arm_5.urdf -> /home/cat/ros2_ws/install/ros2_test1/share/ros2_test1/urdf\n'}
[1.146046] (ros2_test1) StdoutLine: {'line': b'creating /home/cat/ros2_ws/install/ros2_test1/share/ros2_test1/rviz\n'}
[1.146111] (ros2_test1) StdoutLine: {'line': b'copying rviz/arm_5.rviz -> /home/cat/ros2_ws/install/ros2_test1/share/ros2_test1/rviz\n'}
[1.146176] (ros2_test1) StdoutLine: {'line': b'creating /home/cat/ros2_ws/install/ros2_test1/share/ros2_test1/hook\n'}
[1.146241] (ros2_test1) StdoutLine: {'line': b'copying hooks/ament_prefix_path.dsv -> /home/cat/ros2_ws/install/ros2_test1/share/ros2_test1/hook\n'}
[1.146306] (ros2_test1) StdoutLine: {'line': b'copying hooks/ament_prefix_path.sh -> /home/cat/ros2_ws/install/ros2_test1/share/ros2_test1/hook\n'}
[1.146372] (ros2_test1) StdoutLine: {'line': b'running install_egg_info\n'}
[1.148424] (ros2_test1) StdoutLine: {'line': b'Copying ../build/ros2_test1/ros2_test1.egg-info to /home/cat/ros2_ws/install/ros2_test1/lib/python3.10/site-packages/ros2_test1-0.1.0-py3.10.egg-info\n'}
[1.149641] (ros2_test1) StdoutLine: {'line': b'running install_scripts\n'}
[1.179584] (ros2_test1) StdoutLine: {'line': b'Installing arm_joint_state_seed script to /home/cat/ros2_ws/install/ros2_test1/lib/ros2_test1\n'}
[1.179929] (ros2_test1) StdoutLine: {'line': b'Installing face_detector script to /home/cat/ros2_ws/install/ros2_test1/lib/ros2_test1\n'}
[1.180017] (ros2_test1) StdoutLine: {'line': b'Installing red_square_arm script to /home/cat/ros2_ws/install/ros2_test1/lib/ros2_test1\n'}
[1.180113] (ros2_test1) StdoutLine: {'line': b'Installing target_vision script to /home/cat/ros2_ws/install/ros2_test1/lib/ros2_test1\n'}
[1.180757] (ros2_test1) StdoutLine: {'line': b"writing list of installed files to '/home/cat/ros2_ws/build/ros2_test1/install.log'\n"}
[1.202914] (-) TimerEvent: {}
[1.240514] (ros2_test1) CommandEnded: {'returncode': 0}
[1.256514] (ros2_test1) JobEnded: {'identifier': 'ros2_test1', 'rc': 0}
[1.257860] (-) EventReactorShutdown: {}
