[0.000000] (-) TimerEvent: {}
[0.000942] (-) JobUnselected: {'identifier': 'stm32_bridge'}
[0.001021] (ros2_test1) JobQueued: {'identifier': 'ros2_test1', 'dependencies': OrderedDict()}
[0.001055] (ros2_test1) JobStarted: {'identifier': 'ros2_test1'}
[0.099214] (-) TimerEvent: {}
[0.199824] (-) TimerEvent: {}
[0.300450] (-) TimerEvent: {}
[0.401081] (-) TimerEvent: {}
[0.501743] (-) TimerEvent: {}
[0.602383] (-) TimerEvent: {}
[0.703026] (-) TimerEvent: {}
[0.803753] (-) TimerEvent: {}
[0.882767] (ros2_test1) Command: {'cmd': ['/usr/bin/python3', '-W', 'ignore:setup.py install is deprecated', '-W', 'ignore:easy_install command is deprecated', 'setup.py', 'egg_info', '--egg-base', '../build/ros2_test1', 'build', '--build-base', '/home/cat/ros2_ws/build/ros2_test1/build', 'install', '--record', '/home/cat/ros2_ws/build/ros2_test1/install.log', '--single-version-externally-managed', 'install_data'], 'cwd': '/home/cat/ros2_ws/ros2_test1', 'env': {'LESSOPEN': '| /usr/bin/lesspipe %s', 'USER': 'cat', 'SSH_CLIENT': '192.168.137.1 64326 22', 'XDG_SESSION_TYPE': 'tty', 'SHLVL': '1', 'LD_LIBRARY_PATH': '/opt/ros/humble/opt/rviz_ogre_vendor/lib:/opt/ros/humble/lib/aarch64-linux-gnu:/opt/ros/humble/lib', 'MOTD_SHOWN': 'pam', 'HOME': '/home/cat', 'MUTTER_DEBUG_ENABLE_ATOMIC_KMS': '0', 'OLDPWD': '/home/cat/ros2_ws/ros2_test1', 'SSH_TTY': '/dev/pts/0', 'ROS_PYTHON_VERSION': '3', 'DBUS_SESSION_BUS_ADDRESS': 'unix:path=/run/user/1000/bus', 'https_proxy': 'http://198.18.0.1:6984', 'ROS_DISTRO': 'humble', 'LOGNAME': 'cat', 'http_proxy': 'http://198.18.0.1:6984', '_': '/usr/bin/colcon', 'ROS_VERSION': '2', 'XDG_SESSION_CLASS': 'user', 'TERM': 'dumb', 'XDG_SESSION_ID': '2', 'ROS_LOCALHOST_ONLY': '0', 'PATH': '/home/cat/bin:/opt/ros/humble/bin:/usr/local/sbin:/usr/local/bin:/usr/sbin:/usr/bin:/sbin:/bin:/usr/games:/usr/local/games:/snap/bin', 'XDG_RUNTIME_DIR': '/run/user/1000', 'LANG': 'zh_CN.UTF-8', 'LS_COLORS': '', 'AMENT_PREFIX_PATH': '/opt/ros/humble', 'SHELL': '/bin/bash', 'CLUTTER_PAINT': 'disable-dynamic-max-render-time', 'LESSCLOSE': '/usr/bin/lesspipe %s %s', 'MUTTER_DEBUG_FORCE_KMS_MODE': 'simple', 'PWD': '/home/cat/ros2_ws/build/ros2_test1', 'SSH_CONNECTION': '192.168.137.1 64326 192.168.137.207 22', 'XDG_DATA_DIRS': '/usr/share/gnome:/usr/local/share:/usr/share:/var/lib/snapd/desktop', 'PYTHONPATH': '/home/cat/ros2_ws/build/ros2_test1/prefix_override:/usr/lib/python3/dist-packages/colcon_core/task/python/colcon_distutils_commands:/home/cat/ros2_ws/install/ros2_test1/lib/python3.10/site-packages:/opt/ros/humble/lib/python3.10/site-packages:/opt/ros/humble/local/lib/python3.10/dist-packages', 'COLCON': '1'}, 'shell': False}
[0.903999] (-) TimerEvent: {}
[1.004639] (-) TimerEvent: {}
[1.105263] (-) TimerEvent: {}
[1.183183] (ros2_test1) StdoutLine: {'line': b'running egg_info\n'}
[1.184176] (ros2_test1) StdoutLine: {'line': b'writing ../build/ros2_test1/ros2_test1.egg-info/PKG-INFO\n'}
[1.184696] (ros2_test1) StdoutLine: {'line': b'writing dependency_links to ../build/ros2_test1/ros2_test1.egg-info/dependency_links.txt\n'}
[1.184961] (ros2_test1) StdoutLine: {'line': b'writing entry points to ../build/ros2_test1/ros2_test1.egg-info/entry_points.txt\n'}
[1.185308] (ros2_test1) StdoutLine: {'line': b'writing requirements to ../build/ros2_test1/ros2_test1.egg-info/requires.txt\n'}
[1.185420] (ros2_test1) StdoutLine: {'line': b'writing top-level names to ../build/ros2_test1/ros2_test1.egg-info/top_level.txt\n'}
[1.188111] (ros2_test1) StdoutLine: {'line': b"reading manifest file '../build/ros2_test1/ros2_test1.egg-info/SOURCES.txt'\n"}
[1.189218] (ros2_test1) StdoutLine: {'line': b"writing manifest file '../build/ros2_test1/ros2_test1.egg-info/SOURCES.txt'\n"}
[1.189470] (ros2_test1) StdoutLine: {'line': b'running build\n'}
[1.189589] (ros2_test1) StdoutLine: {'line': b'running build_py\n'}
[1.189791] (ros2_test1) StdoutLine: {'line': b'copying ros2_test1/target_vision.py -> /home/cat/ros2_ws/build/ros2_test1/build/lib/ros2_test1\n'}
[1.190903] (ros2_test1) StdoutLine: {'line': b'running install\n'}
[1.191410] (ros2_test1) StdoutLine: {'line': b'running install_lib\n'}
[1.192620] (ros2_test1) StdoutLine: {'line': b'copying /home/cat/ros2_ws/build/ros2_test1/build/lib/ros2_test1/target_vision.py -> /home/cat/ros2_ws/install/ros2_test1/lib/python3.10/site-packages/ros2_test1\n'}
[1.193731] (ros2_test1) StdoutLine: {'line': b'byte-compiling /home/cat/ros2_ws/install/ros2_test1/lib/python3.10/site-packages/ros2_test1/target_vision.py to target_vision.cpython-310.pyc\n'}
[1.203786] (ros2_test1) StdoutLine: {'line': b'running install_data\n'}
[1.204210] (ros2_test1) StdoutLine: {'line': b'running install_egg_info\n'}
[1.205327] (-) TimerEvent: {}
[1.207131] (ros2_test1) StdoutLine: {'line': b"removing '/home/cat/ros2_ws/install/ros2_test1/lib/python3.10/site-packages/ros2_test1-0.1.0-py3.10.egg-info' (and everything under it)\n"}
[1.207637] (ros2_test1) StdoutLine: {'line': b'Copying ../build/ros2_test1/ros2_test1.egg-info to /home/cat/ros2_ws/install/ros2_test1/lib/python3.10/site-packages/ros2_test1-0.1.0-py3.10.egg-info\n'}
[1.208847] (ros2_test1) StdoutLine: {'line': b'running install_scripts\n'}
[1.242847] (ros2_test1) StdoutLine: {'line': b'Installing face_detector script to /home/cat/ros2_ws/install/ros2_test1/lib/ros2_test1\n'}
[1.243251] (ros2_test1) StdoutLine: {'line': b'Installing target_vision script to /home/cat/ros2_ws/install/ros2_test1/lib/ros2_test1\n'}
[1.243758] (ros2_test1) StdoutLine: {'line': b"writing list of installed files to '/home/cat/ros2_ws/build/ros2_test1/install.log'\n"}
[1.305698] (-) TimerEvent: {}
[1.327051] (ros2_test1) CommandEnded: {'returncode': 0}
[1.343004] (ros2_test1) JobEnded: {'identifier': 'ros2_test1', 'rc': 0}
[1.343916] (-) EventReactorShutdown: {}
