[0.000000] (-) TimerEvent: {}
[0.002604] (-) JobUnselected: {'identifier': 'stm32_bridge'}
[0.002739] (ros2_test1) JobQueued: {'identifier': 'ros2_test1', 'dependencies': OrderedDict()}
[0.002795] (ros2_test1) JobStarted: {'identifier': 'ros2_test1'}
[0.099861] (-) TimerEvent: {}
[0.200344] (-) TimerEvent: {}
[0.301163] (-) TimerEvent: {}
[0.402282] (-) TimerEvent: {}
[0.503251] (-) TimerEvent: {}
[0.604800] (-) TimerEvent: {}
[0.705106] (-) TimerEvent: {}
[0.805455] (-) TimerEvent: {}
[0.905789] (-) TimerEvent: {}
[1.006339] (-) TimerEvent: {}
[1.106800] (-) TimerEvent: {}
[1.207505] (-) TimerEvent: {}
[1.308466] (-) TimerEvent: {}
[1.409374] (-) TimerEvent: {}
[1.510170] (-) TimerEvent: {}
[1.571130] (ros2_test1) Command: {'cmd': ['/usr/bin/python3', '-W', 'ignore:setup.py install is deprecated', '-W', 'ignore:easy_install command is deprecated', 'setup.py', 'develop', '--editable', '--build-directory', '/home/cat/ros2_ws/build/ros2_test1/build', '--no-deps', 'symlink_data'], 'cwd': '/home/cat/ros2_ws/build/ros2_test1', 'env': {'USER': 'cat', 'SSH_CLIENT': '192.168.137.1 56802 22', 'XDG_SESSION_TYPE': 'tty', 'SHLVL': '0', 'MOTD_SHOWN': 'pam', 'HOME': '/home/cat', 'MUTTER_DEBUG_ENABLE_ATOMIC_KMS': '0', 'OLDPWD': '/home/cat', 'DBUS_SESSION_BUS_ADDRESS': 'unix:path=/run/user/1000/bus', 'LOGNAME': 'cat', '_': '/usr/bin/colcon', 'XDG_SESSION_CLASS': 'user', 'XDG_SESSION_ID': '231', 'PATH': '/usr/local/sbin:/usr/local/bin:/usr/sbin:/usr/bin:/sbin:/bin:/usr/games:/usr/local/games:/snap/bin', 'XDG_RUNTIME_DIR': '/run/user/1000', 'LANG': 'zh_CN.UTF-8', 'SHELL': '/bin/bash', 'CLUTTER_PAINT': 'disable-dynamic-max-render-time', 'MUTTER_DEBUG_FORCE_KMS_MODE': 'simple', 'PWD': '/home/cat/ros2_ws/build/ros2_test1', 'SSH_CONNECTION': '192.168.137.1 56802 192.168.137.207 22', 'COLCON': '1', 'PYTHONPATH': '/home/cat/ros2_ws/build/ros2_test1/prefix_override:/usr/lib/python3/dist-packages/colcon_core/task/python/colcon_distutils_commands:/home/cat/ros2_ws/install/ros2_test1/lib/python3.10/site-packages:'}, 'shell': False}
[1.610376] (-) TimerEvent: {}
[1.711092] (-) TimerEvent: {}
[1.811777] (-) TimerEvent: {}
[1.912778] (-) TimerEvent: {}
[2.013528] (-) TimerEvent: {}
[2.114002] (ros2_test1) StdoutLine: {'line': b'running develop\n'}
[2.115191] (-) TimerEvent: {}
[2.215543] (-) TimerEvent: {}
[2.316278] (-) TimerEvent: {}
[2.348297] (ros2_test1) StdoutLine: {'line': b'running egg_info\n'}
[2.348725] (ros2_test1) StdoutLine: {'line': b'writing ros2_test1.egg-info/PKG-INFO\n'}
[2.351161] (ros2_test1) StdoutLine: {'line': b'writing dependency_links to ros2_test1.egg-info/dependency_links.txt\n'}
[2.352684] (ros2_test1) StdoutLine: {'line': b'writing entry points to ros2_test1.egg-info/entry_points.txt\n'}
[2.353934] (ros2_test1) StdoutLine: {'line': b'writing requirements to ros2_test1.egg-info/requires.txt\n'}
[2.355464] (ros2_test1) StdoutLine: {'line': b'writing top-level names to ros2_test1.egg-info/top_level.txt\n'}
[2.356794] (ros2_test1) StdoutLine: {'line': b"reading manifest file 'ros2_test1.egg-info/SOURCES.txt'\n"}
[2.358402] (ros2_test1) StdoutLine: {'line': b"writing manifest file 'ros2_test1.egg-info/SOURCES.txt'\n"}
[2.362322] (ros2_test1) StdoutLine: {'line': b'running build_ext\n'}
[2.363841] (ros2_test1) StdoutLine: {'line': b'Creating /home/cat/ros2_ws/install/ros2_test1/lib/python3.10/site-packages/ros2-test1.egg-link (link to .)\n'}
[2.365515] (ros2_test1) StdoutLine: {'line': b'Installing arm_joint_state_seed script to /home/cat/ros2_ws/install/ros2_test1/lib/ros2_test1\n'}
[2.370542] (ros2_test1) StdoutLine: {'line': b'Installing face_detector script to /home/cat/ros2_ws/install/ros2_test1/lib/ros2_test1\n'}
[2.372037] (ros2_test1) StdoutLine: {'line': b'Installing red_square_arm script to /home/cat/ros2_ws/install/ros2_test1/lib/ros2_test1\n'}
[2.374266] (ros2_test1) StdoutLine: {'line': b'Installing red_square_tracker script to /home/cat/ros2_ws/install/ros2_test1/lib/ros2_test1\n'}
[2.375537] (ros2_test1) StdoutLine: {'line': b'Installing target_vision script to /home/cat/ros2_ws/install/ros2_test1/lib/ros2_test1\n'}
[2.376960] (ros2_test1) StdoutLine: {'line': b'Installing target_vision_2 script to /home/cat/ros2_ws/install/ros2_test1/lib/ros2_test1\n'}
[2.378185] (ros2_test1) StdoutLine: {'line': b'\n'}
[2.379441] (ros2_test1) StdoutLine: {'line': b'Installed /home/cat/ros2_ws/build/ros2_test1\n'}
[2.380719] (ros2_test1) StdoutLine: {'line': b'running symlink_data\n'}
[2.416710] (-) TimerEvent: {}
[2.476287] (ros2_test1) CommandEnded: {'returncode': 0}
[2.517148] (-) TimerEvent: {}
[2.589921] (ros2_test1) JobEnded: {'identifier': 'ros2_test1', 'rc': 0}
[2.592269] (-) EventReactorShutdown: {}
