running develop
running egg_info
creating abcd_detector.egg-info
writing abcd_detector.egg-info/PKG-INFO
writing dependency_links to abcd_detector.egg-info/dependency_links.txt
writing entry points to abcd_detector.egg-info/entry_points.txt
writing requirements to abcd_detector.egg-info/requires.txt
writing top-level names to abcd_detector.egg-info/top_level.txt
writing manifest file 'abcd_detector.egg-info/SOURCES.txt'
reading manifest file 'abcd_detector.egg-info/SOURCES.txt'
writing manifest file 'abcd_detector.egg-info/SOURCES.txt'
running build_ext
Creating /home/aijokaren/Desktop/rk3588s/install/abcd_detector/lib/python3.12/site-packages/abcd-detector.egg-link (link to .)
Installing abcd_detector_node script to /home/aijokaren/Desktop/rk3588s/install/abcd_detector/lib/abcd_detector

Installed /home/aijokaren/Desktop/rk3588s/build/abcd_detector
running symlink_data
creating /home/aijokaren/Desktop/rk3588s/install/abcd_detector/share
creating /home/aijokaren/Desktop/rk3588s/install/abcd_detector/share/ament_index
creating /home/aijokaren/Desktop/rk3588s/install/abcd_detector/share/ament_index/resource_index
creating /home/aijokaren/Desktop/rk3588s/install/abcd_detector/share/ament_index/resource_index/packages
symbolically linking /home/aijokaren/Desktop/rk3588s/build/abcd_detector/resource/abcd_detector -> /home/aijokaren/Desktop/rk3588s/install/abcd_detector/share/ament_index/resource_index/packages
creating /home/aijokaren/Desktop/rk3588s/install/abcd_detector/share/abcd_detector
symbolically linking /home/aijokaren/Desktop/rk3588s/build/abcd_detector/package.xml -> /home/aijokaren/Desktop/rk3588s/install/abcd_detector/share/abcd_detector
creating /home/aijokaren/Desktop/rk3588s/install/abcd_detector/share/abcd_detector/config
symbolically linking /home/aijokaren/Desktop/rk3588s/build/abcd_detector/config/letter_detector.yaml -> /home/aijokaren/Desktop/rk3588s/install/abcd_detector/share/abcd_detector/config
creating /home/aijokaren/Desktop/rk3588s/install/abcd_detector/share/abcd_detector/launch
symbolically linking /home/aijokaren/Desktop/rk3588s/build/abcd_detector/launch/letter_detector.launch.py -> /home/aijokaren/Desktop/rk3588s/install/abcd_detector/share/abcd_detector/launch
