running egg_info
creating ../../build/stm32_bridge/stm32_bridge.egg-info
writing ../../build/stm32_bridge/stm32_bridge.egg-info/PKG-INFO
writing dependency_links to ../../build/stm32_bridge/stm32_bridge.egg-info/dependency_links.txt
writing entry points to ../../build/stm32_bridge/stm32_bridge.egg-info/entry_points.txt
writing requirements to ../../build/stm32_bridge/stm32_bridge.egg-info/requires.txt
writing top-level names to ../../build/stm32_bridge/stm32_bridge.egg-info/top_level.txt
writing manifest file '../../build/stm32_bridge/stm32_bridge.egg-info/SOURCES.txt'
reading manifest file '../../build/stm32_bridge/stm32_bridge.egg-info/SOURCES.txt'
writing manifest file '../../build/stm32_bridge/stm32_bridge.egg-info/SOURCES.txt'
running build
running build_py
creating /home/cat/ros2_ws/build/stm32_bridge/build
creating /home/cat/ros2_ws/build/stm32_bridge/build/lib
creating /home/cat/ros2_ws/build/stm32_bridge/build/lib/stm32_bridge
copying stm32_bridge/__init__.py -> /home/cat/ros2_ws/build/stm32_bridge/build/lib/stm32_bridge
copying stm32_bridge/bridge_node.py -> /home/cat/ros2_ws/build/stm32_bridge/build/lib/stm32_bridge
running install
running install_lib
creating /home/cat/ros2_ws/install/stm32_bridge/lib/python3.10/site-packages/stm32_bridge
copying /home/cat/ros2_ws/build/stm32_bridge/build/lib/stm32_bridge/__init__.py -> /home/cat/ros2_ws/install/stm32_bridge/lib/python3.10/site-packages/stm32_bridge
copying /home/cat/ros2_ws/build/stm32_bridge/build/lib/stm32_bridge/bridge_node.py -> /home/cat/ros2_ws/install/stm32_bridge/lib/python3.10/site-packages/stm32_bridge
byte-compiling /home/cat/ros2_ws/install/stm32_bridge/lib/python3.10/site-packages/stm32_bridge/__init__.py to __init__.cpython-310.pyc
byte-compiling /home/cat/ros2_ws/install/stm32_bridge/lib/python3.10/site-packages/stm32_bridge/bridge_node.py to bridge_node.cpython-310.pyc
running install_data
creating /home/cat/ros2_ws/install/stm32_bridge/share/ament_index
creating /home/cat/ros2_ws/install/stm32_bridge/share/ament_index/resource_index
creating /home/cat/ros2_ws/install/stm32_bridge/share/ament_index/resource_index/packages
copying resource/stm32_bridge -> /home/cat/ros2_ws/install/stm32_bridge/share/ament_index/resource_index/packages
copying package.xml -> /home/cat/ros2_ws/install/stm32_bridge/share/stm32_bridge
creating /home/cat/ros2_ws/install/stm32_bridge/share/stm32_bridge/launch
copying launch/bridge.launch.py -> /home/cat/ros2_ws/install/stm32_bridge/share/stm32_bridge/launch
running install_egg_info
Copying ../../build/stm32_bridge/stm32_bridge.egg-info to /home/cat/ros2_ws/install/stm32_bridge/lib/python3.10/site-packages/stm32_bridge-0.1.0-py3.10.egg-info
running install_scripts
Installing stm32_bridge_node script to /home/cat/ros2_ws/install/stm32_bridge/lib/stm32_bridge
writing list of installed files to '/home/cat/ros2_ws/build/stm32_bridge/install.log'
