[0.894s] Invoking command in '/home/cat/ros2_ws/src/stm32_bridge': PYTHONPATH=/home/cat/ros2_ws/build/stm32_bridge/prefix_override:/usr/lib/python3/dist-packages/colcon_core/task/python/colcon_distutils_commands:/home/cat/ros2_ws/install/stm32_bridge/lib/python3.10/site-packages:${PYTHONPATH} /usr/bin/python3 -W ignore:setup.py install is deprecated -W ignore:easy_install command is deprecated setup.py egg_info --egg-base ../../build/stm32_bridge build --build-base /home/cat/ros2_ws/build/stm32_bridge/build install --record /home/cat/ros2_ws/build/stm32_bridge/install.log --single-version-externally-managed install_data
[1.202s] running egg_info
[1.203s] creating ../../build/stm32_bridge/stm32_bridge.egg-info
[1.203s] writing ../../build/stm32_bridge/stm32_bridge.egg-info/PKG-INFO
[1.203s] writing dependency_links to ../../build/stm32_bridge/stm32_bridge.egg-info/dependency_links.txt
[1.204s] writing entry points to ../../build/stm32_bridge/stm32_bridge.egg-info/entry_points.txt
[1.204s] writing requirements to ../../build/stm32_bridge/stm32_bridge.egg-info/requires.txt
[1.204s] writing top-level names to ../../build/stm32_bridge/stm32_bridge.egg-info/top_level.txt
[1.204s] writing manifest file '../../build/stm32_bridge/stm32_bridge.egg-info/SOURCES.txt'
[1.207s] reading manifest file '../../build/stm32_bridge/stm32_bridge.egg-info/SOURCES.txt'
[1.208s] writing manifest file '../../build/stm32_bridge/stm32_bridge.egg-info/SOURCES.txt'
[1.208s] running build
[1.208s] running build_py
[1.209s] creating /home/cat/ros2_ws/build/stm32_bridge/build
[1.209s] creating /home/cat/ros2_ws/build/stm32_bridge/build/lib
[1.209s] creating /home/cat/ros2_ws/build/stm32_bridge/build/lib/stm32_bridge
[1.209s] copying stm32_bridge/__init__.py -> /home/cat/ros2_ws/build/stm32_bridge/build/lib/stm32_bridge
[1.209s] copying stm32_bridge/bridge_node.py -> /home/cat/ros2_ws/build/stm32_bridge/build/lib/stm32_bridge
[1.209s] running install
[1.210s] running install_lib
[1.211s] creating /home/cat/ros2_ws/install/stm32_bridge/lib/python3.10/site-packages/stm32_bridge
[1.211s] copying /home/cat/ros2_ws/build/stm32_bridge/build/lib/stm32_bridge/__init__.py -> /home/cat/ros2_ws/install/stm32_bridge/lib/python3.10/site-packages/stm32_bridge
[1.211s] copying /home/cat/ros2_ws/build/stm32_bridge/build/lib/stm32_bridge/bridge_node.py -> /home/cat/ros2_ws/install/stm32_bridge/lib/python3.10/site-packages/stm32_bridge
[1.212s] byte-compiling /home/cat/ros2_ws/install/stm32_bridge/lib/python3.10/site-packages/stm32_bridge/__init__.py to __init__.cpython-310.pyc
[1.212s] byte-compiling /home/cat/ros2_ws/install/stm32_bridge/lib/python3.10/site-packages/stm32_bridge/bridge_node.py to bridge_node.cpython-310.pyc
[1.214s] running install_data
[1.214s] creating /home/cat/ros2_ws/install/stm32_bridge/share/ament_index
[1.214s] creating /home/cat/ros2_ws/install/stm32_bridge/share/ament_index/resource_index
[1.214s] creating /home/cat/ros2_ws/install/stm32_bridge/share/ament_index/resource_index/packages
[1.214s] copying resource/stm32_bridge -> /home/cat/ros2_ws/install/stm32_bridge/share/ament_index/resource_index/packages
[1.214s] copying package.xml -> /home/cat/ros2_ws/install/stm32_bridge/share/stm32_bridge
[1.215s] creating /home/cat/ros2_ws/install/stm32_bridge/share/stm32_bridge/launch
[1.215s] copying launch/bridge.launch.py -> /home/cat/ros2_ws/install/stm32_bridge/share/stm32_bridge/launch
[1.215s] running install_egg_info
[1.218s] Copying ../../build/stm32_bridge/stm32_bridge.egg-info to /home/cat/ros2_ws/install/stm32_bridge/lib/python3.10/site-packages/stm32_bridge-0.1.0-py3.10.egg-info
[1.219s] running install_scripts
[1.256s] Installing stm32_bridge_node script to /home/cat/ros2_ws/install/stm32_bridge/lib/stm32_bridge
[1.256s] writing list of installed files to '/home/cat/ros2_ws/build/stm32_bridge/install.log'
[1.344s] Invoked command in '/home/cat/ros2_ws/src/stm32_bridge' returned '0': PYTHONPATH=/home/cat/ros2_ws/build/stm32_bridge/prefix_override:/usr/lib/python3/dist-packages/colcon_core/task/python/colcon_distutils_commands:/home/cat/ros2_ws/install/stm32_bridge/lib/python3.10/site-packages:${PYTHONPATH} /usr/bin/python3 -W ignore:setup.py install is deprecated -W ignore:easy_install command is deprecated setup.py egg_info --egg-base ../../build/stm32_bridge build --build-base /home/cat/ros2_ws/build/stm32_bridge/build install --record /home/cat/ros2_ws/build/stm32_bridge/install.log --single-version-externally-managed install_data
