[0.000000] (-) TimerEvent: {}
[0.000141] (-) JobUnselected: {'identifier': 'stm32_bridge'}
[0.000297] (ros2_test1) JobQueued: {'identifier': 'ros2_test1', 'dependencies': OrderedDict()}
[0.001330] (ros2_test1) JobStarted: {'identifier': 'ros2_test1'}
[0.099650] (-) TimerEvent: {}
[0.200072] (-) TimerEvent: {}
[0.300657] (-) TimerEvent: {}
[0.401135] (-) TimerEvent: {}
[0.501552] (-) TimerEvent: {}
[0.601969] (-) TimerEvent: {}
[0.702463] (-) TimerEvent: {}
[0.783040] (ros2_test1) Command: {'cmd': ['/usr/bin/python3', '-W', 'ignore:setup.py install is deprecated', '-W', 'ignore:easy_install command is deprecated', 'setup.py', 'develop', '--editable', '--build-directory', '/home/cat/ros2_ws/build/ros2_test1/build', '--no-deps', 'symlink_data'], 'cwd': '/home/cat/ros2_ws/build/ros2_test1', 'env': {'USER': 'cat', 'SSH_CLIENT': '192.168.137.1 57290 22', 'XDG_SESSION_TYPE': 'tty', 'SHLVL': '1', 'MOTD_SHOWN': 'pam', 'HOME': '/home/cat', 'MUTTER_DEBUG_ENABLE_ATOMIC_KMS': '0', 'OLDPWD': '/home/cat', 'DBUS_SESSION_BUS_ADDRESS': 'unix:path=/run/user/1000/bus', 'LOGNAME': 'cat', '_': '/usr/bin/colcon', 'XDG_SESSION_CLASS': 'user', 'XDG_SESSION_ID': '81', 'PATH': '/usr/local/sbin:/usr/local/bin:/usr/sbin:/usr/bin:/sbin:/bin:/usr/games:/usr/local/games:/snap/bin', 'XDG_RUNTIME_DIR': '/run/user/1000', 'LANG': 'zh_CN.UTF-8', 'SHELL': '/bin/bash', 'CLUTTER_PAINT': 'disable-dynamic-max-render-time', 'MUTTER_DEBUG_FORCE_KMS_MODE': 'simple', 'PWD': '/home/cat/ros2_ws/build/ros2_test1', 'SSH_CONNECTION': '192.168.137.1 57290 192.168.137.207 22', 'COLCON': '1', 'PYTHONPATH': '/home/cat/ros2_ws/build/ros2_test1/prefix_override:/usr/lib/python3/dist-packages/colcon_core/task/python/colcon_distutils_commands:/home/cat/ros2_ws/install/ros2_test1/lib/python3.10/site-packages:'}, 'shell': False}
[0.802677] (-) TimerEvent: {}
[0.903102] (-) TimerEvent: {}
[1.003543] (-) TimerEvent: {}
[1.071431] (ros2_test1) StdoutLine: {'line': b'running develop\n'}
[1.103795] (-) TimerEvent: {}
[1.180587] (ros2_test1) StdoutLine: {'line': b'running egg_info\n'}
[1.181197] (ros2_test1) StdoutLine: {'line': b'writing ros2_test1.egg-info/PKG-INFO\n'}
[1.181358] (ros2_test1) StdoutLine: {'line': b'writing dependency_links to ros2_test1.egg-info/dependency_links.txt\n'}
[1.181744] (ros2_test1) StdoutLine: {'line': b'writing entry points to ros2_test1.egg-info/entry_points.txt\n'}
[1.181861] (ros2_test1) StdoutLine: {'line': b'writing requirements to ros2_test1.egg-info/requires.txt\n'}
[1.181938] (ros2_test1) StdoutLine: {'line': b'writing top-level names to ros2_test1.egg-info/top_level.txt\n'}
[1.185151] (ros2_test1) StdoutLine: {'line': b"reading manifest file 'ros2_test1.egg-info/SOURCES.txt'\n"}
[1.186489] (ros2_test1) StdoutLine: {'line': b"writing manifest file 'ros2_test1.egg-info/SOURCES.txt'\n"}
[1.188619] (ros2_test1) StdoutLine: {'line': b'running build_ext\n'}
[1.189048] (ros2_test1) StdoutLine: {'line': b'Creating /home/cat/ros2_ws/install/ros2_test1/lib/python3.10/site-packages/ros2-test1.egg-link (link to .)\n'}
[1.190318] (ros2_test1) StdoutLine: {'line': b'Installing arm_joint_state_seed script to /home/cat/ros2_ws/install/ros2_test1/lib/ros2_test1\n'}
[1.190725] (ros2_test1) StdoutLine: {'line': b'Installing face_detector script to /home/cat/ros2_ws/install/ros2_test1/lib/ros2_test1\n'}
[1.190852] (ros2_test1) StdoutLine: {'line': b'Installing red_square_arm script to /home/cat/ros2_ws/install/ros2_test1/lib/ros2_test1\n'}
[1.191144] (ros2_test1) StdoutLine: {'line': b'Installing target_vision script to /home/cat/ros2_ws/install/ros2_test1/lib/ros2_test1\n'}
[1.191256] (ros2_test1) StdoutLine: {'line': b'\n'}
[1.191332] (ros2_test1) StdoutLine: {'line': b'Installed /home/cat/ros2_ws/build/ros2_test1\n'}
[1.191402] (ros2_test1) StdoutLine: {'line': b'running symlink_data\n'}
[1.204158] (-) TimerEvent: {}
[1.283206] (ros2_test1) CommandEnded: {'returncode': 0}
[1.301003] (ros2_test1) JobEnded: {'identifier': 'ros2_test1', 'rc': 0}
[1.301790] (-) EventReactorShutdown: {}
