[0.000000] (-) TimerEvent: {}
[0.000222] (-) JobUnselected: {'identifier': 'stm32_bridge'}
[0.000446] (ros2_test1) JobQueued: {'identifier': 'ros2_test1', 'dependencies': OrderedDict()}
[0.000813] (ros2_test1) JobStarted: {'identifier': 'ros2_test1'}
[0.099441] (-) TimerEvent: {}
[0.199634] (-) TimerEvent: {}
[0.299812] (-) TimerEvent: {}
[0.399970] (-) TimerEvent: {}
[0.500179] (-) TimerEvent: {}
[0.600330] (-) TimerEvent: {}
[0.700449] (-) TimerEvent: {}
[0.800625] (-) TimerEvent: {}
[0.890630] (ros2_test1) Command: {'cmd': ['/usr/bin/python3', '-W', 'ignore:setup.py install is deprecated', '-W', 'ignore:easy_install command is deprecated', 'setup.py', 'develop', '--editable', '--build-directory', '/home/cat/ros2_ws/build/ros2_test1/build', '--no-deps', 'symlink_data'], 'cwd': '/home/cat/ros2_ws/build/ros2_test1', 'env': {'USER': 'cat', 'SSH_CLIENT': '192.168.137.1 52490 22', 'XDG_SESSION_TYPE': 'tty', 'SHLVL': '0', 'LD_LIBRARY_PATH': '/opt/ros/humble/opt/rviz_ogre_vendor/lib:/opt/ros/humble/lib/aarch64-linux-gnu:/opt/ros/humble/lib', 'MOTD_SHOWN': 'pam', 'HOME': '/home/cat', 'MUTTER_DEBUG_ENABLE_ATOMIC_KMS': '0', 'OLDPWD': '/home/cat', 'ROS_PYTHON_VERSION': '3', 'DBUS_SESSION_BUS_ADDRESS': 'unix:path=/run/user/1000/bus', 'ROS_DISTRO': 'humble', 'LOGNAME': 'cat', '_': '/usr/bin/colcon', 'ROS_VERSION': '2', 'XDG_SESSION_CLASS': 'user', 'XDG_SESSION_ID': '53', 'ROS_LOCALHOST_ONLY': '0', 'PATH': '/opt/ros/humble/bin:/home/cat/bin:/usr/local/sbin:/usr/local/bin:/usr/sbin:/usr/bin:/sbin:/bin:/usr/games:/usr/local/games:/snap/bin', 'XDG_RUNTIME_DIR': '/run/user/1000', 'LANG': 'zh_CN.UTF-8', 'AMENT_PREFIX_PATH': '/opt/ros/humble', 'SHELL': '/bin/bash', 'CLUTTER_PAINT': 'disable-dynamic-max-render-time', 'MUTTER_DEBUG_FORCE_KMS_MODE': 'simple', 'PWD': '/home/cat/ros2_ws/build/ros2_test1', 'SSH_CONNECTION': '192.168.137.1 52490 192.168.137.207 22', 'XDG_DATA_DIRS': '/usr/share/gnome:/usr/local/share:/usr/share:/var/lib/snapd/desktop', 'PYTHONPATH': '/home/cat/ros2_ws/build/ros2_test1/prefix_override:/usr/lib/python3/dist-packages/colcon_core/task/python/colcon_distutils_commands:/home/cat/ros2_ws/install/ros2_test1/lib/python3.10/site-packages:/opt/ros/humble/lib/python3.10/site-packages:/opt/ros/humble/local/lib/python3.10/dist-packages', 'COLCON': '1'}, 'shell': False}
[0.900690] (-) TimerEvent: {}
[1.000845] (-) TimerEvent: {}
[1.100996] (-) TimerEvent: {}
[1.201148] (-) TimerEvent: {}
[1.226942] (ros2_test1) StdoutLine: {'line': b'running develop\n'}
[1.301231] (-) TimerEvent: {}
[1.393959] (ros2_test1) StdoutLine: {'line': b'running egg_info\n'}
[1.394250] (ros2_test1) StdoutLine: {'line': b'writing ros2_test1.egg-info/PKG-INFO\n'}
[1.394769] (ros2_test1) StdoutLine: {'line': b'writing dependency_links to ros2_test1.egg-info/dependency_links.txt\n'}
[1.395054] (ros2_test1) StdoutLine: {'line': b'writing entry points to ros2_test1.egg-info/entry_points.txt\n'}
[1.395234] (ros2_test1) StdoutLine: {'line': b'writing requirements to ros2_test1.egg-info/requires.txt\n'}
[1.395374] (ros2_test1) StdoutLine: {'line': b'writing top-level names to ros2_test1.egg-info/top_level.txt\n'}
[1.399086] (ros2_test1) StdoutLine: {'line': b"reading manifest file 'ros2_test1.egg-info/SOURCES.txt'\n"}
[1.400498] (ros2_test1) StdoutLine: {'line': b"writing manifest file 'ros2_test1.egg-info/SOURCES.txt'\n"}
[1.401287] (-) TimerEvent: {}
[1.402464] (ros2_test1) StdoutLine: {'line': b'running build_ext\n'}
[1.402804] (ros2_test1) StdoutLine: {'line': b'Creating /home/cat/ros2_ws/install/ros2_test1/lib/python3.10/site-packages/ros2-test1.egg-link (link to .)\n'}
[1.404147] (ros2_test1) StdoutLine: {'line': b'Installing arm_joint_state_seed script to /home/cat/ros2_ws/install/ros2_test1/lib/ros2_test1\n'}
[1.404443] (ros2_test1) StdoutLine: {'line': b'Installing face_detector script to /home/cat/ros2_ws/install/ros2_test1/lib/ros2_test1\n'}
[1.404610] (ros2_test1) StdoutLine: {'line': b'Installing red_square_arm script to /home/cat/ros2_ws/install/ros2_test1/lib/ros2_test1\n'}
[1.404767] (ros2_test1) StdoutLine: {'line': b'Installing red_square_tracker script to /home/cat/ros2_ws/install/ros2_test1/lib/ros2_test1\n'}
[1.404937] (ros2_test1) StdoutLine: {'line': b'Installing target_vision script to /home/cat/ros2_ws/install/ros2_test1/lib/ros2_test1\n'}
[1.405213] (ros2_test1) StdoutLine: {'line': b'\n'}
[1.405352] (ros2_test1) StdoutLine: {'line': b'Installed /home/cat/ros2_ws/build/ros2_test1\n'}
[1.405425] (ros2_test1) StdoutLine: {'line': b'running symlink_data\n'}
[1.501386] (-) TimerEvent: {}
[1.502803] (ros2_test1) CommandEnded: {'returncode': 0}
[1.520351] (ros2_test1) JobEnded: {'identifier': 'ros2_test1', 'rc': 0}
[1.521251] (-) EventReactorShutdown: {}
