[0.000000] (-) TimerEvent: {}
[0.000216] (-) JobUnselected: {'identifier': 'stm32_bridge'}
[0.001325] (ros2_test1) JobQueued: {'identifier': 'ros2_test1', 'dependencies': OrderedDict()}
[0.001373] (ros2_test1) JobStarted: {'identifier': 'ros2_test1'}
[0.099623] (-) TimerEvent: {}
[0.200064] (-) TimerEvent: {}
[0.300603] (-) TimerEvent: {}
[0.401061] (-) TimerEvent: {}
[0.501400] (-) TimerEvent: {}
[0.601810] (-) TimerEvent: {}
[0.702258] (-) TimerEvent: {}
[0.801413] (ros2_test1) Command: {'cmd': ['/usr/bin/python3', '-W', 'ignore:setup.py install is deprecated', '-W', 'ignore:easy_install command is deprecated', 'setup.py', 'develop', '--editable', '--build-directory', '/home/cat/ros2_ws/build/ros2_test1/build', '--no-deps', 'symlink_data'], 'cwd': '/home/cat/ros2_ws/build/ros2_test1', 'env': {'USER': 'cat', 'SSH_CLIENT': '192.168.137.1 64097 22', 'XDG_SESSION_TYPE': 'tty', 'SHLVL': '1', 'MOTD_SHOWN': 'pam', 'HOME': '/home/cat', 'MUTTER_DEBUG_ENABLE_ATOMIC_KMS': '0', 'OLDPWD': '/home/cat', 'DBUS_SESSION_BUS_ADDRESS': 'unix:path=/run/user/1000/bus', 'LOGNAME': 'cat', '_': '/usr/bin/colcon', 'XDG_SESSION_CLASS': 'user', 'XDG_SESSION_ID': '104', 'PATH': '/usr/local/sbin:/usr/local/bin:/usr/sbin:/usr/bin:/sbin:/bin:/usr/games:/usr/local/games:/snap/bin', 'XDG_RUNTIME_DIR': '/run/user/1000', 'LANG': 'zh_CN.UTF-8', 'SHELL': '/bin/bash', 'CLUTTER_PAINT': 'disable-dynamic-max-render-time', 'MUTTER_DEBUG_FORCE_KMS_MODE': 'simple', 'PWD': '/home/cat/ros2_ws/build/ros2_test1', 'SSH_CONNECTION': '192.168.137.1 64097 192.168.137.207 22', 'COLCON': '1', 'PYTHONPATH': '/home/cat/ros2_ws/build/ros2_test1/prefix_override:/usr/lib/python3/dist-packages/colcon_core/task/python/colcon_distutils_commands:/home/cat/ros2_ws/install/ros2_test1/lib/python3.10/site-packages:'}, 'shell': False}
[0.804622] (-) TimerEvent: {}
[0.904936] (-) TimerEvent: {}
[1.005353] (-) TimerEvent: {}
[1.099095] (ros2_test1) StdoutLine: {'line': b'running develop\n'}
[1.105543] (-) TimerEvent: {}
[1.205912] (-) TimerEvent: {}
[1.213975] (ros2_test1) StdoutLine: {'line': b'running egg_info\n'}
[1.214308] (ros2_test1) StdoutLine: {'line': b'writing ros2_test1.egg-info/PKG-INFO\n'}
[1.214697] (ros2_test1) StdoutLine: {'line': b'writing dependency_links to ros2_test1.egg-info/dependency_links.txt\n'}
[1.215025] (ros2_test1) StdoutLine: {'line': b'writing entry points to ros2_test1.egg-info/entry_points.txt\n'}
[1.215337] (ros2_test1) StdoutLine: {'line': b'writing requirements to ros2_test1.egg-info/requires.txt\n'}
[1.215437] (ros2_test1) StdoutLine: {'line': b'writing top-level names to ros2_test1.egg-info/top_level.txt\n'}
[1.218928] (ros2_test1) StdoutLine: {'line': b"reading manifest file 'ros2_test1.egg-info/SOURCES.txt'\n"}
[1.220481] (ros2_test1) StdoutLine: {'line': b"writing manifest file 'ros2_test1.egg-info/SOURCES.txt'\n"}
[1.222675] (ros2_test1) StdoutLine: {'line': b'running build_ext\n'}
[1.223024] (ros2_test1) StdoutLine: {'line': b'Creating /home/cat/ros2_ws/install/ros2_test1/lib/python3.10/site-packages/ros2-test1.egg-link (link to .)\n'}
[1.224503] (ros2_test1) StdoutLine: {'line': b'Installing arm_joint_state_seed script to /home/cat/ros2_ws/install/ros2_test1/lib/ros2_test1\n'}
[1.224808] (ros2_test1) StdoutLine: {'line': b'Installing face_detector script to /home/cat/ros2_ws/install/ros2_test1/lib/ros2_test1\n'}
[1.225110] (ros2_test1) StdoutLine: {'line': b'Installing red_square_arm script to /home/cat/ros2_ws/install/ros2_test1/lib/ros2_test1\n'}
[1.225232] (ros2_test1) StdoutLine: {'line': b'Installing target_vision script to /home/cat/ros2_ws/install/ros2_test1/lib/ros2_test1\n'}
[1.225483] (ros2_test1) StdoutLine: {'line': b'\n'}
[1.225599] (ros2_test1) StdoutLine: {'line': b'Installed /home/cat/ros2_ws/build/ros2_test1\n'}
[1.225677] (ros2_test1) StdoutLine: {'line': b'running symlink_data\n'}
[1.306240] (-) TimerEvent: {}
[1.319459] (ros2_test1) CommandEnded: {'returncode': 0}
[1.335840] (ros2_test1) JobEnded: {'identifier': 'ros2_test1', 'rc': 0}
[1.336659] (-) EventReactorShutdown: {}
