[0.000000] (-) TimerEvent: {}
[0.000335] (-) JobUnselected: {'identifier': 'stm32_bridge'}
[0.000624] (ros2_test1) JobQueued: {'identifier': 'ros2_test1', 'dependencies': OrderedDict()}
[0.000812] (ros2_test1) JobStarted: {'identifier': 'ros2_test1'}
[0.099627] (-) TimerEvent: {}
[0.199925] (-) TimerEvent: {}
[0.300332] (-) TimerEvent: {}
[0.400747] (-) TimerEvent: {}
[0.501145] (-) TimerEvent: {}
[0.601639] (-) TimerEvent: {}
[0.662454] (ros2_test1) Command: {'cmd': ['/usr/bin/python3', '-W', 'ignore:setup.py install is deprecated', '-W', 'ignore:easy_install command is deprecated', 'setup.py', 'develop', '--editable', '--build-directory', '/home/cat/ros2_ws/build/ros2_test1/build', '--no-deps', 'symlink_data'], 'cwd': '/home/cat/ros2_ws/build/ros2_test1', 'env': {'USER': 'cat', 'SSH_CLIENT': '192.168.137.1 61499 22', 'XDG_SESSION_TYPE': 'tty', 'SHLVL': '0', 'MOTD_SHOWN': 'pam', 'HOME': '/home/cat', 'MUTTER_DEBUG_ENABLE_ATOMIC_KMS': '0', 'OLDPWD': '/home/cat', 'DBUS_SESSION_BUS_ADDRESS': 'unix:path=/run/user/1000/bus', 'LOGNAME': 'cat', '_': '/usr/bin/colcon', 'XDG_SESSION_CLASS': 'user', 'XDG_SESSION_ID': '194', 'PATH': '/usr/local/sbin:/usr/local/bin:/usr/sbin:/usr/bin:/sbin:/bin:/usr/games:/usr/local/games:/snap/bin', 'XDG_RUNTIME_DIR': '/run/user/1000', 'LANG': 'zh_CN.UTF-8', 'SHELL': '/bin/bash', 'CLUTTER_PAINT': 'disable-dynamic-max-render-time', 'MUTTER_DEBUG_FORCE_KMS_MODE': 'simple', 'PWD': '/home/cat/ros2_ws/build/ros2_test1', 'SSH_CONNECTION': '192.168.137.1 61499 192.168.137.207 22', 'COLCON': '1', 'PYTHONPATH': '/home/cat/ros2_ws/build/ros2_test1/prefix_override:/usr/lib/python3/dist-packages/colcon_core/task/python/colcon_distutils_commands:/home/cat/ros2_ws/install/ros2_test1/lib/python3.10/site-packages:'}, 'shell': False}
[0.701813] (-) TimerEvent: {}
[0.802203] (-) TimerEvent: {}
[0.902433] (-) TimerEvent: {}
[0.927827] (ros2_test1) StdoutLine: {'line': b'running develop\n'}
[1.002538] (-) TimerEvent: {}
[1.034232] (ros2_test1) StdoutLine: {'line': b'running egg_info\n'}
[1.035143] (ros2_test1) StdoutLine: {'line': b'writing ros2_test1.egg-info/PKG-INFO\n'}
[1.035715] (ros2_test1) StdoutLine: {'line': b'writing dependency_links to ros2_test1.egg-info/dependency_links.txt\n'}
[1.036178] (ros2_test1) StdoutLine: {'line': b'writing entry points to ros2_test1.egg-info/entry_points.txt\n'}
[1.036603] (ros2_test1) StdoutLine: {'line': b'writing requirements to ros2_test1.egg-info/requires.txt\n'}
[1.037007] (ros2_test1) StdoutLine: {'line': b'writing top-level names to ros2_test1.egg-info/top_level.txt\n'}
[1.039016] (ros2_test1) StdoutLine: {'line': b"reading manifest file 'ros2_test1.egg-info/SOURCES.txt'\n"}
[1.040391] (ros2_test1) StdoutLine: {'line': b"writing manifest file 'ros2_test1.egg-info/SOURCES.txt'\n"}
[1.042485] (ros2_test1) StdoutLine: {'line': b'running build_ext\n'}
[1.042906] (ros2_test1) StdoutLine: {'line': b'Creating /home/cat/ros2_ws/install/ros2_test1/lib/python3.10/site-packages/ros2-test1.egg-link (link to .)\n'}
[1.044110] (ros2_test1) StdoutLine: {'line': b'Installing arm_joint_state_seed script to /home/cat/ros2_ws/install/ros2_test1/lib/ros2_test1\n'}
[1.044530] (ros2_test1) StdoutLine: {'line': b'Installing face_detector script to /home/cat/ros2_ws/install/ros2_test1/lib/ros2_test1\n'}
[1.044661] (ros2_test1) StdoutLine: {'line': b'Installing red_square_arm script to /home/cat/ros2_ws/install/ros2_test1/lib/ros2_test1\n'}
[1.044888] (ros2_test1) StdoutLine: {'line': b'Installing red_square_tracker script to /home/cat/ros2_ws/install/ros2_test1/lib/ros2_test1\n'}
[1.045118] (ros2_test1) StdoutLine: {'line': b'Installing target_vision script to /home/cat/ros2_ws/install/ros2_test1/lib/ros2_test1\n'}
[1.045663] (ros2_test1) StdoutLine: {'line': b'Installing target_vision_2 script to /home/cat/ros2_ws/install/ros2_test1/lib/ros2_test1\n'}
[1.046098] (ros2_test1) StdoutLine: {'line': b'\n'}
[1.046504] (ros2_test1) StdoutLine: {'line': b'Installed /home/cat/ros2_ws/build/ros2_test1\n'}
[1.046903] (ros2_test1) StdoutLine: {'line': b'running symlink_data\n'}
[1.102805] (-) TimerEvent: {}
[1.113788] (ros2_test1) CommandEnded: {'returncode': 0}
[1.166066] (ros2_test1) JobEnded: {'identifier': 'ros2_test1', 'rc': 0}
[1.167355] (-) EventReactorShutdown: {}
