[0.000000] (-) TimerEvent: {}
[0.000302] (-) JobUnselected: {'identifier': 'stm32_bridge'}
[0.000720] (ros2_test1) JobQueued: {'identifier': 'ros2_test1', 'dependencies': OrderedDict()}
[0.000752] (ros2_test1) JobStarted: {'identifier': 'ros2_test1'}
[0.099362] (-) TimerEvent: {}
[0.199787] (-) TimerEvent: {}
[0.300191] (-) TimerEvent: {}
[0.400634] (-) TimerEvent: {}
[0.501109] (-) TimerEvent: {}
[0.601546] (-) TimerEvent: {}
[0.701998] (-) TimerEvent: {}
[0.802382] (-) TimerEvent: {}
[0.869321] (ros2_test1) Command: {'cmd': ['/usr/bin/python3', '-W', 'ignore:setup.py install is deprecated', '-W', 'ignore:easy_install command is deprecated', 'setup.py', 'egg_info', '--egg-base', '../build/ros2_test1', 'build', '--build-base', '/home/cat/ros2_ws/build/ros2_test1/build', 'install', '--record', '/home/cat/ros2_ws/build/ros2_test1/install.log', '--single-version-externally-managed', 'install_data'], 'cwd': '/home/cat/ros2_ws/ros2_test1', 'env': {'USER': 'cat', 'SSH_CLIENT': '192.168.137.1 58910 22', 'XDG_SESSION_TYPE': 'tty', 'SHLVL': '1', 'LD_LIBRARY_PATH': '/opt/ros/humble/opt/rviz_ogre_vendor/lib:/opt/ros/humble/lib/aarch64-linux-gnu:/opt/ros/humble/lib', 'MOTD_SHOWN': 'pam', 'HOME': '/home/cat', 'MUTTER_DEBUG_ENABLE_ATOMIC_KMS': '0', 'OLDPWD': '/home/cat', 'ROS_PYTHON_VERSION': '3', 'DBUS_SESSION_BUS_ADDRESS': 'unix:path=/run/user/1000/bus', 'ROS_DISTRO': 'humble', 'LOGNAME': 'cat', '_': '/usr/bin/colcon', 'ROS_VERSION': '2', 'XDG_SESSION_CLASS': 'user', 'XDG_SESSION_ID': '38', 'ROS_LOCALHOST_ONLY': '0', 'PATH': '/opt/ros/humble/bin:/usr/local/sbin:/usr/local/bin:/usr/sbin:/usr/bin:/sbin:/bin:/usr/games:/usr/local/games:/snap/bin', 'XDG_RUNTIME_DIR': '/run/user/1000', 'LANG': 'zh_CN.UTF-8', 'AMENT_PREFIX_PATH': '/opt/ros/humble', 'SHELL': '/bin/bash', 'CLUTTER_PAINT': 'disable-dynamic-max-render-time', 'MUTTER_DEBUG_FORCE_KMS_MODE': 'simple', 'PWD': '/home/cat/ros2_ws/build/ros2_test1', 'SSH_CONNECTION': '192.168.137.1 58910 192.168.137.207 22', 'PYTHONPATH': '/home/cat/ros2_ws/build/ros2_test1/prefix_override:/usr/lib/python3/dist-packages/colcon_core/task/python/colcon_distutils_commands:/home/cat/ros2_ws/install/ros2_test1/lib/python3.10/site-packages:/opt/ros/humble/lib/python3.10/site-packages:/opt/ros/humble/local/lib/python3.10/dist-packages', 'COLCON': '1'}, 'shell': False}
[0.902614] (-) TimerEvent: {}
[1.003031] (-) TimerEvent: {}
[1.103458] (-) TimerEvent: {}
[1.173050] (ros2_test1) StdoutLine: {'line': b'running egg_info\n'}
[1.173938] (ros2_test1) StdoutLine: {'line': b'creating ../build/ros2_test1/ros2_test1.egg-info\n'}
[1.174337] (ros2_test1) StdoutLine: {'line': b'writing ../build/ros2_test1/ros2_test1.egg-info/PKG-INFO\n'}
[1.174785] (ros2_test1) StdoutLine: {'line': b'writing dependency_links to ../build/ros2_test1/ros2_test1.egg-info/dependency_links.txt\n'}
[1.174907] (ros2_test1) StdoutLine: {'line': b'writing entry points to ../build/ros2_test1/ros2_test1.egg-info/entry_points.txt\n'}
[1.175121] (ros2_test1) StdoutLine: {'line': b'writing requirements to ../build/ros2_test1/ros2_test1.egg-info/requires.txt\n'}
[1.175214] (ros2_test1) StdoutLine: {'line': b'writing top-level names to ../build/ros2_test1/ros2_test1.egg-info/top_level.txt\n'}
[1.175461] (ros2_test1) StdoutLine: {'line': b"writing manifest file '../build/ros2_test1/ros2_test1.egg-info/SOURCES.txt'\n"}
[1.178114] (ros2_test1) StdoutLine: {'line': b"reading manifest file '../build/ros2_test1/ros2_test1.egg-info/SOURCES.txt'\n"}
[1.179430] (ros2_test1) StdoutLine: {'line': b"writing manifest file '../build/ros2_test1/ros2_test1.egg-info/SOURCES.txt'\n"}
[1.179546] (ros2_test1) StdoutLine: {'line': b'running build\n'}
[1.179625] (ros2_test1) StdoutLine: {'line': b'running build_py\n'}
[1.179849] (ros2_test1) StdoutLine: {'line': b'creating /home/cat/ros2_ws/build/ros2_test1/build\n'}
[1.180102] (ros2_test1) StdoutLine: {'line': b'creating /home/cat/ros2_ws/build/ros2_test1/build/lib\n'}
[1.180185] (ros2_test1) StdoutLine: {'line': b'creating /home/cat/ros2_ws/build/ros2_test1/build/lib/ros2_test1\n'}
[1.180263] (ros2_test1) StdoutLine: {'line': b'copying ros2_test1/__init__.py -> /home/cat/ros2_ws/build/ros2_test1/build/lib/ros2_test1\n'}
[1.180365] (ros2_test1) StdoutLine: {'line': b'copying ros2_test1/arm_joint_state_seed.py -> /home/cat/ros2_ws/build/ros2_test1/build/lib/ros2_test1\n'}
[1.180575] (ros2_test1) StdoutLine: {'line': b'copying ros2_test1/face_detector.py -> /home/cat/ros2_ws/build/ros2_test1/build/lib/ros2_test1\n'}
[1.180648] (ros2_test1) StdoutLine: {'line': b'copying ros2_test1/arm_kinematics.py -> /home/cat/ros2_ws/build/ros2_test1/build/lib/ros2_test1\n'}
[1.180716] (ros2_test1) StdoutLine: {'line': b'copying ros2_test1/target_vision.py -> /home/cat/ros2_ws/build/ros2_test1/build/lib/ros2_test1\n'}
[1.180862] (ros2_test1) StdoutLine: {'line': b'copying ros2_test1/red_square_arm.py -> /home/cat/ros2_ws/build/ros2_test1/build/lib/ros2_test1\n'}
[1.181271] (ros2_test1) StdoutLine: {'line': b'creating /home/cat/ros2_ws/build/ros2_test1/build/lib/ros2_test1/detectors\n'}
[1.181351] (ros2_test1) StdoutLine: {'line': b'copying ros2_test1/detectors/__init__.py -> /home/cat/ros2_ws/build/ros2_test1/build/lib/ros2_test1/detectors\n'}
[1.181564] (ros2_test1) StdoutLine: {'line': b'copying ros2_test1/detectors/red.py -> /home/cat/ros2_ws/build/ros2_test1/build/lib/ros2_test1/detectors\n'}
[1.181637] (ros2_test1) StdoutLine: {'line': b'copying ros2_test1/detectors/common.py -> /home/cat/ros2_ws/build/ros2_test1/build/lib/ros2_test1/detectors\n'}
[1.181840] (ros2_test1) StdoutLine: {'line': b'copying ros2_test1/detectors/yellow.py -> /home/cat/ros2_ws/build/ros2_test1/build/lib/ros2_test1/detectors\n'}
[1.181915] (ros2_test1) StdoutLine: {'line': b'copying ros2_test1/detectors/white.py -> /home/cat/ros2_ws/build/ros2_test1/build/lib/ros2_test1/detectors\n'}
[1.182146] (ros2_test1) StdoutLine: {'line': b'copying ros2_test1/detectors/blue.py -> /home/cat/ros2_ws/build/ros2_test1/build/lib/ros2_test1/detectors\n'}
[1.182954] (ros2_test1) StdoutLine: {'line': b'creating /home/cat/ros2_ws/build/ros2_test1/build/lib/ros2_test1/assets\n'}
[1.183034] (ros2_test1) StdoutLine: {'line': b'copying ros2_test1/assets/blue.png -> /home/cat/ros2_ws/build/ros2_test1/build/lib/ros2_test1/assets\n'}
[1.183172] (ros2_test1) StdoutLine: {'line': b'copying ros2_test1/assets/red.png -> /home/cat/ros2_ws/build/ros2_test1/build/lib/ros2_test1/assets\n'}
[1.183633] (ros2_test1) StdoutLine: {'line': b'running install\n'}
[1.184263] (ros2_test1) StdoutLine: {'line': b'running install_lib\n'}
[1.185726] (ros2_test1) StdoutLine: {'line': b'creating /home/cat/ros2_ws/install/ros2_test1/lib/python3.10/site-packages/ros2_test1\n'}
[1.185871] (ros2_test1) StdoutLine: {'line': b'copying /home/cat/ros2_ws/build/ros2_test1/build/lib/ros2_test1/__init__.py -> /home/cat/ros2_ws/install/ros2_test1/lib/python3.10/site-packages/ros2_test1\n'}
[1.186068] (ros2_test1) StdoutLine: {'line': b'copying /home/cat/ros2_ws/build/ros2_test1/build/lib/ros2_test1/arm_joint_state_seed.py -> /home/cat/ros2_ws/install/ros2_test1/lib/python3.10/site-packages/ros2_test1\n'}
[1.186250] (ros2_test1) StdoutLine: {'line': b'copying /home/cat/ros2_ws/build/ros2_test1/build/lib/ros2_test1/face_detector.py -> /home/cat/ros2_ws/install/ros2_test1/lib/python3.10/site-packages/ros2_test1\n'}
[1.186329] (ros2_test1) StdoutLine: {'line': b'copying /home/cat/ros2_ws/build/ros2_test1/build/lib/ros2_test1/arm_kinematics.py -> /home/cat/ros2_ws/install/ros2_test1/lib/python3.10/site-packages/ros2_test1\n'}
[1.186416] (ros2_test1) StdoutLine: {'line': b'copying /home/cat/ros2_ws/build/ros2_test1/build/lib/ros2_test1/target_vision.py -> /home/cat/ros2_ws/install/ros2_test1/lib/python3.10/site-packages/ros2_test1\n'}
[1.186607] (ros2_test1) StdoutLine: {'line': b'creating /home/cat/ros2_ws/install/ros2_test1/lib/python3.10/site-packages/ros2_test1/assets\n'}
[1.186690] (ros2_test1) StdoutLine: {'line': b'copying /home/cat/ros2_ws/build/ros2_test1/build/lib/ros2_test1/assets/red.png -> /home/cat/ros2_ws/install/ros2_test1/lib/python3.10/site-packages/ros2_test1/assets\n'}
[1.186818] (ros2_test1) StdoutLine: {'line': b'copying /home/cat/ros2_ws/build/ros2_test1/build/lib/ros2_test1/assets/blue.png -> /home/cat/ros2_ws/install/ros2_test1/lib/python3.10/site-packages/ros2_test1/assets\n'}
[1.186979] (ros2_test1) StdoutLine: {'line': b'creating /home/cat/ros2_ws/install/ros2_test1/lib/python3.10/site-packages/ros2_test1/detectors\n'}
[1.187114] (ros2_test1) StdoutLine: {'line': b'copying /home/cat/ros2_ws/build/ros2_test1/build/lib/ros2_test1/detectors/__init__.py -> /home/cat/ros2_ws/install/ros2_test1/lib/python3.10/site-packages/ros2_test1/detectors\n'}
[1.187246] (ros2_test1) StdoutLine: {'line': b'copying /home/cat/ros2_ws/build/ros2_test1/build/lib/ros2_test1/detectors/red.py -> /home/cat/ros2_ws/install/ros2_test1/lib/python3.10/site-packages/ros2_test1/detectors\n'}
[1.187385] (ros2_test1) StdoutLine: {'line': b'copying /home/cat/ros2_ws/build/ros2_test1/build/lib/ros2_test1/detectors/common.py -> /home/cat/ros2_ws/install/ros2_test1/lib/python3.10/site-packages/ros2_test1/detectors\n'}
[1.187525] (ros2_test1) StdoutLine: {'line': b'copying /home/cat/ros2_ws/build/ros2_test1/build/lib/ros2_test1/detectors/yellow.py -> /home/cat/ros2_ws/install/ros2_test1/lib/python3.10/site-packages/ros2_test1/detectors\n'}
[1.187664] (ros2_test1) StdoutLine: {'line': b'copying /home/cat/ros2_ws/build/ros2_test1/build/lib/ros2_test1/detectors/white.py -> /home/cat/ros2_ws/install/ros2_test1/lib/python3.10/site-packages/ros2_test1/detectors\n'}
[1.187790] (ros2_test1) StdoutLine: {'line': b'copying /home/cat/ros2_ws/build/ros2_test1/build/lib/ros2_test1/detectors/blue.py -> /home/cat/ros2_ws/install/ros2_test1/lib/python3.10/site-packages/ros2_test1/detectors\n'}
[1.187918] (ros2_test1) StdoutLine: {'line': b'copying /home/cat/ros2_ws/build/ros2_test1/build/lib/ros2_test1/red_square_arm.py -> /home/cat/ros2_ws/install/ros2_test1/lib/python3.10/site-packages/ros2_test1\n'}
[1.188759] (ros2_test1) StdoutLine: {'line': b'byte-compiling /home/cat/ros2_ws/install/ros2_test1/lib/python3.10/site-packages/ros2_test1/__init__.py to __init__.cpython-310.pyc\n'}
[1.189120] (ros2_test1) StdoutLine: {'line': b'byte-compiling /home/cat/ros2_ws/install/ros2_test1/lib/python3.10/site-packages/ros2_test1/arm_joint_state_seed.py to arm_joint_state_seed.cpython-310.pyc\n'}
[1.189836] (ros2_test1) StdoutLine: {'line': b'byte-compiling /home/cat/ros2_ws/install/ros2_test1/lib/python3.10/site-packages/ros2_test1/face_detector.py to face_detector.cpython-310.pyc\n'}
[1.190125] (ros2_test1) StdoutLine: {'line': b'byte-compiling /home/cat/ros2_ws/install/ros2_test1/lib/python3.10/site-packages/ros2_test1/arm_kinematics.py to arm_kinematics.cpython-310.pyc\n'}
[1.191939] (ros2_test1) StdoutLine: {'line': b'byte-compiling /home/cat/ros2_ws/install/ros2_test1/lib/python3.10/site-packages/ros2_test1/target_vision.py to target_vision.cpython-310.pyc\n'}
[1.203631] (-) TimerEvent: {}
[1.215792] (ros2_test1) StdoutLine: {'line': b'byte-compiling /home/cat/ros2_ws/install/ros2_test1/lib/python3.10/site-packages/ros2_test1/detectors/__init__.py to __init__.cpython-310.pyc\n'}
[1.216365] (ros2_test1) StdoutLine: {'line': b'byte-compiling /home/cat/ros2_ws/install/ros2_test1/lib/python3.10/site-packages/ros2_test1/detectors/red.py to red.cpython-310.pyc\n'}
[1.216700] (ros2_test1) StdoutLine: {'line': b'byte-compiling /home/cat/ros2_ws/install/ros2_test1/lib/python3.10/site-packages/ros2_test1/detectors/common.py to common.cpython-310.pyc\n'}
[1.218950] (ros2_test1) StdoutLine: {'line': b'byte-compiling /home/cat/ros2_ws/install/ros2_test1/lib/python3.10/site-packages/ros2_test1/detectors/yellow.py to yellow.cpython-310.pyc\n'}
[1.219340] (ros2_test1) StdoutLine: {'line': b'byte-compiling /home/cat/ros2_ws/install/ros2_test1/lib/python3.10/site-packages/ros2_test1/detectors/white.py to white.cpython-310.pyc\n'}
[1.219734] (ros2_test1) StdoutLine: {'line': b'byte-compiling /home/cat/ros2_ws/install/ros2_test1/lib/python3.10/site-packages/ros2_test1/detectors/blue.py to blue.cpython-310.pyc\n'}
[1.220118] (ros2_test1) StdoutLine: {'line': b'byte-compiling /home/cat/ros2_ws/install/ros2_test1/lib/python3.10/site-packages/ros2_test1/red_square_arm.py to red_square_arm.cpython-310.pyc\n'}
[1.222594] (ros2_test1) StdoutLine: {'line': b'running install_data\n'}
[1.222971] (ros2_test1) StdoutLine: {'line': b'creating /home/cat/ros2_ws/install/ros2_test1/share\n'}
[1.223259] (ros2_test1) StdoutLine: {'line': b'creating /home/cat/ros2_ws/install/ros2_test1/share/ament_index\n'}
[1.223401] (ros2_test1) StdoutLine: {'line': b'creating /home/cat/ros2_ws/install/ros2_test1/share/ament_index/resource_index\n'}
[1.223555] (ros2_test1) StdoutLine: {'line': b'creating /home/cat/ros2_ws/install/ros2_test1/share/ament_index/resource_index/packages\n'}
[1.223727] (ros2_test1) StdoutLine: {'line': b'copying resource/ros2_test1 -> /home/cat/ros2_ws/install/ros2_test1/share/ament_index/resource_index/packages\n'}
[1.223859] (ros2_test1) StdoutLine: {'line': b'creating /home/cat/ros2_ws/install/ros2_test1/share/ros2_test1\n'}
[1.223987] (ros2_test1) StdoutLine: {'line': b'copying package.xml -> /home/cat/ros2_ws/install/ros2_test1/share/ros2_test1\n'}
[1.224156] (ros2_test1) StdoutLine: {'line': b'creating /home/cat/ros2_ws/install/ros2_test1/share/ros2_test1/launch\n'}
[1.224246] (ros2_test1) StdoutLine: {'line': b'copying launch/rviz_preview.launch.py -> /home/cat/ros2_ws/install/ros2_test1/share/ros2_test1/launch\n'}
[1.224427] (ros2_test1) StdoutLine: {'line': b'copying launch/red_square_grasp.launch.py -> /home/cat/ros2_ws/install/ros2_test1/share/ros2_test1/launch\n'}
[1.224504] (ros2_test1) StdoutLine: {'line': b'copying launch/rk_arm_display.launch.py -> /home/cat/ros2_ws/install/ros2_test1/share/ros2_test1/launch\n'}
[1.224664] (ros2_test1) StdoutLine: {'line': b'copying launch/target_vision.launch.py -> /home/cat/ros2_ws/install/ros2_test1/share/ros2_test1/launch\n'}
[1.224830] (ros2_test1) StdoutLine: {'line': b'copying launch/red_square_arm.launch.py -> /home/cat/ros2_ws/install/ros2_test1/share/ros2_test1/launch\n'}
[1.224948] (ros2_test1) StdoutLine: {'line': b'copying launch/red_square_grasp_all.launch.py -> /home/cat/ros2_ws/install/ros2_test1/share/ros2_test1/launch\n'}
[1.225074] (ros2_test1) StdoutLine: {'line': b'creating /home/cat/ros2_ws/install/ros2_test1/share/ros2_test1/config\n'}
[1.225142] (ros2_test1) StdoutLine: {'line': b'copying config/red_square_grasp_calibration.json -> /home/cat/ros2_ws/install/ros2_test1/share/ros2_test1/config\n'}
[1.225231] (ros2_test1) StdoutLine: {'line': b'creating /home/cat/ros2_ws/install/ros2_test1/share/ros2_test1/urdf\n'}
[1.225298] (ros2_test1) StdoutLine: {'line': b'copying urdf/arm_5.urdf -> /home/cat/ros2_ws/install/ros2_test1/share/ros2_test1/urdf\n'}
[1.225364] (ros2_test1) StdoutLine: {'line': b'creating /home/cat/ros2_ws/install/ros2_test1/share/ros2_test1/rviz\n'}
[1.225429] (ros2_test1) StdoutLine: {'line': b'copying rviz/arm_5.rviz -> /home/cat/ros2_ws/install/ros2_test1/share/ros2_test1/rviz\n'}
[1.225494] (ros2_test1) StdoutLine: {'line': b'creating /home/cat/ros2_ws/install/ros2_test1/share/ros2_test1/hook\n'}
[1.225558] (ros2_test1) StdoutLine: {'line': b'copying hooks/ament_prefix_path.dsv -> /home/cat/ros2_ws/install/ros2_test1/share/ros2_test1/hook\n'}
[1.225623] (ros2_test1) StdoutLine: {'line': b'copying hooks/ament_prefix_path.sh -> /home/cat/ros2_ws/install/ros2_test1/share/ros2_test1/hook\n'}
[1.225688] (ros2_test1) StdoutLine: {'line': b'running install_egg_info\n'}
[1.228619] (ros2_test1) StdoutLine: {'line': b'Copying ../build/ros2_test1/ros2_test1.egg-info to /home/cat/ros2_ws/install/ros2_test1/lib/python3.10/site-packages/ros2_test1-0.1.0-py3.10.egg-info\n'}
[1.229778] (ros2_test1) StdoutLine: {'line': b'running install_scripts\n'}
[1.265224] (ros2_test1) StdoutLine: {'line': b'Installing arm_joint_state_seed script to /home/cat/ros2_ws/install/ros2_test1/lib/ros2_test1\n'}
[1.265560] (ros2_test1) StdoutLine: {'line': b'Installing face_detector script to /home/cat/ros2_ws/install/ros2_test1/lib/ros2_test1\n'}
[1.265933] (ros2_test1) StdoutLine: {'line': b'Installing red_square_arm script to /home/cat/ros2_ws/install/ros2_test1/lib/ros2_test1\n'}
[1.266035] (ros2_test1) StdoutLine: {'line': b'Installing target_vision script to /home/cat/ros2_ws/install/ros2_test1/lib/ros2_test1\n'}
[1.266423] (ros2_test1) StdoutLine: {'line': b"writing list of installed files to '/home/cat/ros2_ws/build/ros2_test1/install.log'\n"}
[1.303991] (-) TimerEvent: {}
[1.352150] (ros2_test1) CommandEnded: {'returncode': 0}
[1.368053] (ros2_test1) JobEnded: {'identifier': 'ros2_test1', 'rc': 0}
[1.368503] (-) EventReactorShutdown: {}
