[0.000000] (-) TimerEvent: {}
[0.000234] (-) JobUnselected: {'identifier': 'stm32_bridge'}
[0.000832] (ros2_test1) JobQueued: {'identifier': 'ros2_test1', 'dependencies': OrderedDict()}
[0.001293] (ros2_test1) JobStarted: {'identifier': 'ros2_test1'}
[0.099608] (-) TimerEvent: {}
[0.199969] (-) TimerEvent: {}
[0.300300] (-) TimerEvent: {}
[0.400630] (-) TimerEvent: {}
[0.501050] (-) TimerEvent: {}
[0.601359] (-) TimerEvent: {}
[0.701670] (-) TimerEvent: {}
[0.801958] (-) TimerEvent: {}
[0.902489] (-) TimerEvent: {}
[1.003100] (-) TimerEvent: {}
[1.073044] (ros2_test1) Command: {'cmd': ['/usr/bin/python3', '-W', 'ignore:setup.py install is deprecated', '-W', 'ignore:easy_install command is deprecated', 'setup.py', 'develop', '--editable', '--build-directory', '/home/cat/ros2_ws/build/ros2_test1/build', '--no-deps', 'symlink_data'], 'cwd': '/home/cat/ros2_ws/build/ros2_test1', 'env': {'USER': 'cat', 'SSH_CLIENT': '192.168.137.1 56646 22', 'XDG_SESSION_TYPE': 'tty', 'SHLVL': '0', 'MOTD_SHOWN': 'pam', 'HOME': '/home/cat', 'MUTTER_DEBUG_ENABLE_ATOMIC_KMS': '0', 'OLDPWD': '/home/cat', 'DBUS_SESSION_BUS_ADDRESS': 'unix:path=/run/user/1000/bus', 'LOGNAME': 'cat', '_': '/usr/bin/colcon', 'XDG_SESSION_CLASS': 'user', 'XDG_SESSION_ID': '200', 'PATH': '/usr/local/sbin:/usr/local/bin:/usr/sbin:/usr/bin:/sbin:/bin:/usr/games:/usr/local/games:/snap/bin', 'XDG_RUNTIME_DIR': '/run/user/1000', 'LANG': 'zh_CN.UTF-8', 'SHELL': '/bin/bash', 'CLUTTER_PAINT': 'disable-dynamic-max-render-time', 'MUTTER_DEBUG_FORCE_KMS_MODE': 'simple', 'PWD': '/home/cat/ros2_ws/build/ros2_test1', 'SSH_CONNECTION': '192.168.137.1 56646 192.168.137.207 22', 'COLCON': '1', 'PYTHONPATH': '/home/cat/ros2_ws/build/ros2_test1/prefix_override:/usr/lib/python3/dist-packages/colcon_core/task/python/colcon_distutils_commands:/home/cat/ros2_ws/install/ros2_test1/lib/python3.10/site-packages:'}, 'shell': False}
[1.103337] (-) TimerEvent: {}
[1.204017] (-) TimerEvent: {}
[1.304649] (-) TimerEvent: {}
[1.405283] (-) TimerEvent: {}
[1.505842] (-) TimerEvent: {}
[1.509222] (ros2_test1) StdoutLine: {'line': b'running develop\n'}
[1.606002] (-) TimerEvent: {}
[1.683881] (ros2_test1) StdoutLine: {'line': b'running egg_info\n'}
[1.685297] (ros2_test1) StdoutLine: {'line': b'writing ros2_test1.egg-info/PKG-INFO\n'}
[1.685476] (ros2_test1) StdoutLine: {'line': b'writing dependency_links to ros2_test1.egg-info/dependency_links.txt\n'}
[1.685593] (ros2_test1) StdoutLine: {'line': b'writing entry points to ros2_test1.egg-info/entry_points.txt\n'}
[1.685701] (ros2_test1) StdoutLine: {'line': b'writing requirements to ros2_test1.egg-info/requires.txt\n'}
[1.685806] (ros2_test1) StdoutLine: {'line': b'writing top-level names to ros2_test1.egg-info/top_level.txt\n'}
[1.689549] (ros2_test1) StdoutLine: {'line': b"reading manifest file 'ros2_test1.egg-info/SOURCES.txt'\n"}
[1.691655] (ros2_test1) StdoutLine: {'line': b"writing manifest file 'ros2_test1.egg-info/SOURCES.txt'\n"}
[1.693901] (ros2_test1) StdoutLine: {'line': b'running build_ext\n'}
[1.694416] (ros2_test1) StdoutLine: {'line': b'Creating /home/cat/ros2_ws/install/ros2_test1/lib/python3.10/site-packages/ros2-test1.egg-link (link to .)\n'}
[1.696901] (ros2_test1) StdoutLine: {'line': b'Installing arm_joint_state_seed script to /home/cat/ros2_ws/install/ros2_test1/lib/ros2_test1\n'}
[1.697335] (ros2_test1) StdoutLine: {'line': b'Installing face_detector script to /home/cat/ros2_ws/install/ros2_test1/lib/ros2_test1\n'}
[1.698087] (ros2_test1) StdoutLine: {'line': b'Installing red_square_arm script to /home/cat/ros2_ws/install/ros2_test1/lib/ros2_test1\n'}
[1.698668] (ros2_test1) StdoutLine: {'line': b'Installing red_square_tracker script to /home/cat/ros2_ws/install/ros2_test1/lib/ros2_test1\n'}
[1.698825] (ros2_test1) StdoutLine: {'line': b'Installing target_vision script to /home/cat/ros2_ws/install/ros2_test1/lib/ros2_test1\n'}
[1.698956] (ros2_test1) StdoutLine: {'line': b'Installing target_vision_2 script to /home/cat/ros2_ws/install/ros2_test1/lib/ros2_test1\n'}
[1.699080] (ros2_test1) StdoutLine: {'line': b'\n'}
[1.699202] (ros2_test1) StdoutLine: {'line': b'Installed /home/cat/ros2_ws/build/ros2_test1\n'}
[1.699365] (ros2_test1) StdoutLine: {'line': b'running symlink_data\n'}
[1.706161] (-) TimerEvent: {}
[1.785253] (ros2_test1) CommandEnded: {'returncode': 0}
[1.806506] (-) TimerEvent: {}
[1.853630] (ros2_test1) JobEnded: {'identifier': 'ros2_test1', 'rc': 0}
[1.856796] (-) EventReactorShutdown: {}
